data      1003855 train / 111539 val tokens, vocab 65 (padded 128)
model     6 layers, 6 heads, 384 embd, ctx 256
params    10.80M (41.2 MB; +41.2 MB grads, +82.4 MB adam state)
memory    952.4 MB forward activations, 146.0 MB backward scratch
batch     16 x 256 = 4096 tokens/step

step     1/5000  loss 4.2783  lr 1.00e-05  |g| 15.023    91.4 ms    44805 tok/s   3219 GFLOP/s
step    10/5000  loss 3.0929  lr 1.00e-04  |g| 4.977    88.6 ms    46205 tok/s   3320 GFLOP/s
step    20/5000  loss 2.7512  lr 2.00e-04  |g| 1.732    88.6 ms    46221 tok/s   3321 GFLOP/s
step    30/5000  loss 2.6080  lr 3.00e-04  |g| 1.184    88.6 ms    46242 tok/s   3322 GFLOP/s
step    40/5000  loss 2.5970  lr 4.00e-04  |g| 1.809    88.6 ms    46216 tok/s   3321 GFLOP/s
step    50/5000  loss 2.5259  lr 5.00e-04  |g| 0.884    88.7 ms    46170 tok/s   3317 GFLOP/s
step    60/5000  loss 2.5228  lr 6.00e-04  |g| 0.809    88.7 ms    46184 tok/s   3318 GFLOP/s
step    70/5000  loss 2.4791  lr 7.00e-04  |g| 0.697    88.6 ms    46218 tok/s   3321 GFLOP/s
step    80/5000  loss 2.4973  lr 8.00e-04  |g| 1.029    88.6 ms    46222 tok/s   3321 GFLOP/s
step    90/5000  loss 2.5092  lr 9.00e-04  |g| 0.770    88.5 ms    46261 tok/s   3324 GFLOP/s
step   100/5000  loss 2.5016  lr 1.00e-03  |g| 0.784    88.5 ms    46291 tok/s   3326 GFLOP/s
step   110/5000  loss 2.5245  lr 1.00e-03  |g| 0.859    88.6 ms    46213 tok/s   3320 GFLOP/s
step   120/5000  loss 2.4410  lr 1.00e-03  |g| 0.717    88.5 ms    46281 tok/s   3325 GFLOP/s
step   130/5000  loss 2.4321  lr 1.00e-03  |g| 0.762    88.6 ms    46244 tok/s   3323 GFLOP/s
step   140/5000  loss 2.4518  lr 1.00e-03  |g| 0.676    88.5 ms    46297 tok/s   3326 GFLOP/s
step   150/5000  loss 2.4053  lr 1.00e-03  |g| 0.606    88.6 ms    46242 tok/s   3322 GFLOP/s
step   160/5000  loss 2.4138  lr 1.00e-03  |g| 0.698    88.5 ms    46273 tok/s   3325 GFLOP/s
step   170/5000  loss 2.4181  lr 1.00e-03  |g| 0.676    88.7 ms    46204 tok/s   3320 GFLOP/s
step   180/5000  loss 2.3900  lr 9.99e-04  |g| 1.142    88.5 ms    46293 tok/s   3326 GFLOP/s
step   190/5000  loss 2.3916  lr 9.99e-04  |g| 0.716    88.6 ms    46234 tok/s   3322 GFLOP/s
step   200/5000  loss 2.3948  lr 9.99e-04  |g| 1.433    88.5 ms    46295 tok/s   3326 GFLOP/s
step   210/5000  loss 2.3789  lr 9.99e-04  |g| 0.826    88.6 ms    46245 tok/s   3323 GFLOP/s
step   220/5000  loss 2.3319  lr 9.99e-04  |g| 1.123    88.6 ms    46254 tok/s   3323 GFLOP/s
step   230/5000  loss 2.2454  lr 9.98e-04  |g| 0.925    88.5 ms    46279 tok/s   3325 GFLOP/s
step   240/5000  loss 2.1901  lr 9.98e-04  |g| 0.793    88.6 ms    46255 tok/s   3323 GFLOP/s
step   250/5000  loss 2.1533  lr 9.98e-04  |g| 0.874    88.5 ms    46258 tok/s   3324 GFLOP/s
  [eval] step 250  val loss 2.2331
step   260/5000  loss 2.1161  lr 9.98e-04  |g| 0.819    88.5 ms    46291 tok/s   3326 GFLOP/s
step   270/5000  loss 2.1590  lr 9.97e-04  |g| 0.896    88.5 ms    46257 tok/s   3323 GFLOP/s
step   280/5000  loss 2.0999  lr 9.97e-04  |g| 0.849    88.6 ms    46240 tok/s   3322 GFLOP/s
step   290/5000  loss 2.0329  lr 9.97e-04  |g| 0.805    88.5 ms    46286 tok/s   3326 GFLOP/s
step   300/5000  loss 2.0373  lr 9.96e-04  |g| 0.984    88.5 ms    46258 tok/s   3324 GFLOP/s
step   310/5000  loss 2.0813  lr 9.96e-04  |g| 0.773    88.5 ms    46263 tok/s   3324 GFLOP/s
step   320/5000  loss 2.0432  lr 9.96e-04  |g| 0.776    88.5 ms    46278 tok/s   3325 GFLOP/s
step   330/5000  loss 2.0217  lr 9.95e-04  |g| 0.800    88.5 ms    46266 tok/s   3324 GFLOP/s
step   340/5000  loss 1.9690  lr 9.95e-04  |g| 0.839    88.6 ms    46248 tok/s   3323 GFLOP/s
step   350/5000  loss 1.9037  lr 9.94e-04  |g| 0.912    88.6 ms    46238 tok/s   3322 GFLOP/s
step   360/5000  loss 1.9070  lr 9.94e-04  |g| 0.742    88.5 ms    46306 tok/s   3327 GFLOP/s
step   370/5000  loss 1.9001  lr 9.93e-04  |g| 0.872    88.6 ms    46243 tok/s   3322 GFLOP/s
step   380/5000  loss 1.9134  lr 9.93e-04  |g| 0.958    88.5 ms    46291 tok/s   3326 GFLOP/s
step   390/5000  loss 1.8649  lr 9.92e-04  |g| 0.710    88.6 ms    46253 tok/s   3323 GFLOP/s
step   400/5000  loss 1.8859  lr 9.92e-04  |g| 0.726    88.5 ms    46293 tok/s   3326 GFLOP/s
step   410/5000  loss 1.8365  lr 9.91e-04  |g| 0.801    88.5 ms    46270 tok/s   3324 GFLOP/s
step   420/5000  loss 1.8116  lr 9.91e-04  |g| 0.689    88.5 ms    46281 tok/s   3325 GFLOP/s
step   430/5000  loss 1.8219  lr 9.90e-04  |g| 0.767    88.6 ms    46208 tok/s   3320 GFLOP/s
step   440/5000  loss 1.7878  lr 9.89e-04  |g| 0.698    88.6 ms    46239 tok/s   3322 GFLOP/s
step   450/5000  loss 1.7957  lr 9.89e-04  |g| 0.806    88.6 ms    46242 tok/s   3322 GFLOP/s
step   460/5000  loss 1.8018  lr 9.88e-04  |g| 0.799    88.6 ms    46243 tok/s   3322 GFLOP/s
step   470/5000  loss 1.8073  lr 9.87e-04  |g| 0.818    88.6 ms    46231 tok/s   3322 GFLOP/s
step   480/5000  loss 1.7459  lr 9.87e-04  |g| 0.866    88.5 ms    46272 tok/s   3325 GFLOP/s
step   490/5000  loss 1.7122  lr 9.86e-04  |g| 0.763    88.6 ms    46253 tok/s   3323 GFLOP/s
step   500/5000  loss 1.8069  lr 9.85e-04  |g| 0.684    88.4 ms    46315 tok/s   3328 GFLOP/s
  [eval] step 500  val loss 1.8473
step   510/5000  loss 1.6629  lr 9.85e-04  |g| 0.731    88.6 ms    46229 tok/s   3321 GFLOP/s
step   520/5000  loss 1.7541  lr 9.84e-04  |g| 0.761    88.5 ms    46272 tok/s   3325 GFLOP/s
step   530/5000  loss 1.6581  lr 9.83e-04  |g| 0.724    88.6 ms    46237 tok/s   3322 GFLOP/s
step   540/5000  loss 1.7338  lr 9.82e-04  |g| 0.757    88.5 ms    46296 tok/s   3326 GFLOP/s
step   550/5000  loss 1.7460  lr 9.81e-04  |g| 0.716    88.5 ms    46261 tok/s   3324 GFLOP/s
step   560/5000  loss 1.6344  lr 9.81e-04  |g| 0.683    88.5 ms    46294 tok/s   3326 GFLOP/s
step   570/5000  loss 1.6749  lr 9.80e-04  |g| 0.661    88.6 ms    46249 tok/s   3323 GFLOP/s
step   580/5000  loss 1.6949  lr 9.79e-04  |g| 0.762    88.5 ms    46284 tok/s   3325 GFLOP/s
step   590/5000  loss 1.6645  lr 9.78e-04  |g| 0.763    88.5 ms    46306 tok/s   3327 GFLOP/s
step   600/5000  loss 1.6897  lr 9.77e-04  |g| 0.708    88.6 ms    46248 tok/s   3323 GFLOP/s
step   610/5000  loss 1.6086  lr 9.76e-04  |g| 0.622    88.6 ms    46230 tok/s   3322 GFLOP/s
step   620/5000  loss 1.6531  lr 9.75e-04  |g| 0.771    88.5 ms    46257 tok/s   3323 GFLOP/s
step   630/5000  loss 1.6102  lr 9.74e-04  |g| 0.653    88.5 ms    46270 tok/s   3324 GFLOP/s
step   640/5000  loss 1.6646  lr 9.73e-04  |g| 0.776    88.5 ms    46295 tok/s   3326 GFLOP/s
step   650/5000  loss 1.6572  lr 9.72e-04  |g| 0.697    88.5 ms    46278 tok/s   3325 GFLOP/s
step   660/5000  loss 1.5881  lr 9.71e-04  |g| 0.662    88.5 ms    46271 tok/s   3324 GFLOP/s
step   670/5000  loss 1.6096  lr 9.70e-04  |g| 0.625    88.5 ms    46286 tok/s   3326 GFLOP/s
step   680/5000  loss 1.6055  lr 9.69e-04  |g| 0.680    88.5 ms    46292 tok/s   3326 GFLOP/s
step   690/5000  loss 1.5774  lr 9.68e-04  |g| 0.639    88.5 ms    46257 tok/s   3323 GFLOP/s
step   700/5000  loss 1.5745  lr 9.67e-04  |g| 0.719    88.5 ms    46258 tok/s   3324 GFLOP/s
step   710/5000  loss 1.6086  lr 9.66e-04  |g| 0.667    88.5 ms    46268 tok/s   3324 GFLOP/s
step   720/5000  loss 1.6034  lr 9.65e-04  |g| 0.685    88.5 ms    46289 tok/s   3326 GFLOP/s
step   730/5000  loss 1.5743  lr 9.64e-04  |g| 0.782    88.6 ms    46256 tok/s   3323 GFLOP/s
step   740/5000  loss 1.6118  lr 9.63e-04  |g| 0.753    88.4 ms    46311 tok/s   3327 GFLOP/s
step   750/5000  loss 1.6038  lr 9.61e-04  |g| 0.623    88.7 ms    46196 tok/s   3319 GFLOP/s
  [eval] step 750  val loss 1.7611
step   760/5000  loss 1.5473  lr 9.60e-04  |g| 0.573    88.5 ms    46268 tok/s   3324 GFLOP/s
step   770/5000  loss 1.5447  lr 9.59e-04  |g| 0.639    88.5 ms    46287 tok/s   3326 GFLOP/s
step   780/5000  loss 1.5304  lr 9.58e-04  |g| 0.596    88.6 ms    46217 tok/s   3321 GFLOP/s
step   790/5000  loss 1.5861  lr 9.57e-04  |g| 0.721    88.6 ms    46224 tok/s   3321 GFLOP/s
step   800/5000  loss 1.5335  lr 9.55e-04  |g| 0.643    88.6 ms    46221 tok/s   3321 GFLOP/s
step   810/5000  loss 1.5421  lr 9.54e-04  |g| 0.668    88.5 ms    46261 tok/s   3324 GFLOP/s
step   820/5000  loss 1.5434  lr 9.53e-04  |g| 0.692    88.6 ms    46219 tok/s   3321 GFLOP/s
step   830/5000  loss 1.6221  lr 9.52e-04  |g| 0.617    88.6 ms    46233 tok/s   3322 GFLOP/s
step   840/5000  loss 1.5700  lr 9.50e-04  |g| 0.588    88.5 ms    46267 tok/s   3324 GFLOP/s
step   850/5000  loss 1.5581  lr 9.49e-04  |g| 0.719    88.4 ms    46313 tok/s   3327 GFLOP/s
step   860/5000  loss 1.5725  lr 9.48e-04  |g| 0.649    88.6 ms    46227 tok/s   3321 GFLOP/s
step   870/5000  loss 1.4781  lr 9.46e-04  |g| 0.610    88.5 ms    46271 tok/s   3324 GFLOP/s
step   880/5000  loss 1.5476  lr 9.45e-04  |g| 0.660    88.5 ms    46265 tok/s   3324 GFLOP/s
step   890/5000  loss 1.5828  lr 9.44e-04  |g| 0.712    88.6 ms    46224 tok/s   3321 GFLOP/s
step   900/5000  loss 1.5185  lr 9.42e-04  |g| 0.628    88.6 ms    46244 tok/s   3323 GFLOP/s
step   910/5000  loss 1.5253  lr 9.41e-04  |g| 0.582    88.4 ms    46318 tok/s   3328 GFLOP/s
step   920/5000  loss 1.4586  lr 9.39e-04  |g| 0.586    88.5 ms    46271 tok/s   3324 GFLOP/s
step   930/5000  loss 1.4808  lr 9.38e-04  |g| 0.615    88.5 ms    46265 tok/s   3324 GFLOP/s
step   940/5000  loss 1.4347  lr 9.36e-04  |g| 0.574    88.6 ms    46248 tok/s   3323 GFLOP/s
step   950/5000  loss 1.4763  lr 9.35e-04  |g| 0.596    88.6 ms    46220 tok/s   3321 GFLOP/s
step   960/5000  loss 1.4757  lr 9.33e-04  |g| 0.549    88.5 ms    46264 tok/s   3324 GFLOP/s
step   970/5000  loss 1.4652  lr 9.32e-04  |g| 0.553    88.6 ms    46233 tok/s   3322 GFLOP/s
step   980/5000  loss 1.4158  lr 9.30e-04  |g| 0.546    88.5 ms    46263 tok/s   3324 GFLOP/s
step   990/5000  loss 1.5195  lr 9.29e-04  |g| 0.531    88.8 ms    46129 tok/s   3314 GFLOP/s
step  1000/5000  loss 1.5191  lr 9.27e-04  |g| 0.688    88.7 ms    46196 tok/s   3319 GFLOP/s
  [eval] step 1000  val loss 1.6795
  [sample] ------------------------------------------
ISTAGUE:
So gates so need as hand the natuce feul find the cause;
And intent of a good to our ach of why see to ten
Turn Lence and the him to comth my known as does.
The was for the tent?
O, the neither I will leavens with thousand,
My life with the bid enor to a maid!

RIVERS:
O, thou art still her courage, hence trunk,
The so contrack there no to the rough!

DUKE VINCENTIO:
First,
That how, for 
  ---------------------------------------------------
step  1010/5000  loss 1.4485  lr 9.26e-04  |g| 0.546    88.6 ms    46255 tok/s   3323 GFLOP/s
step  1020/5000  loss 1.4355  lr 9.24e-04  |g| 0.560    88.6 ms    46240 tok/s   3322 GFLOP/s
step  1030/5000  loss 1.4614  lr 9.22e-04  |g| 0.576    88.5 ms    46263 tok/s   3324 GFLOP/s
step  1040/5000  loss 1.4589  lr 9.21e-04  |g| 0.579    88.5 ms    46266 tok/s   3324 GFLOP/s
step  1050/5000  loss 1.4751  lr 9.19e-04  |g| 0.654    88.6 ms    46250 tok/s   3323 GFLOP/s
step  1060/5000  loss 1.4270  lr 9.17e-04  |g| 0.615    88.6 ms    46242 tok/s   3322 GFLOP/s
step  1070/5000  loss 1.5255  lr 9.16e-04  |g| 0.559    88.5 ms    46269 tok/s   3324 GFLOP/s
step  1080/5000  loss 1.4682  lr 9.14e-04  |g| 0.576    88.6 ms    46244 tok/s   3323 GFLOP/s
step  1090/5000  loss 1.4471  lr 9.12e-04  |g| 0.574    88.7 ms    46154 tok/s   3316 GFLOP/s
step  1100/5000  loss 1.4070  lr 9.11e-04  |g| 0.537    88.6 ms    46234 tok/s   3322 GFLOP/s
step  1110/5000  loss 1.3698  lr 9.09e-04  |g| 0.542    88.6 ms    46224 tok/s   3321 GFLOP/s
step  1120/5000  loss 1.4422  lr 9.07e-04  |g| 0.531    88.7 ms    46190 tok/s   3319 GFLOP/s
step  1130/5000  loss 1.4534  lr 9.05e-04  |g| 0.631    88.6 ms    46235 tok/s   3322 GFLOP/s
step  1140/5000  loss 1.4369  lr 9.04e-04  |g| 0.539    88.6 ms    46243 tok/s   3322 GFLOP/s
step  1150/5000  loss 1.4645  lr 9.02e-04  |g| 0.554    88.6 ms    46238 tok/s   3322 GFLOP/s
step  1160/5000  loss 1.4606  lr 9.00e-04  |g| 0.542    88.5 ms    46285 tok/s   3325 GFLOP/s
step  1170/5000  loss 1.4714  lr 8.98e-04  |g| 0.559    88.5 ms    46259 tok/s   3324 GFLOP/s
step  1180/5000  loss 1.4475  lr 8.96e-04  |g| 0.617    88.5 ms    46283 tok/s   3325 GFLOP/s
step  1190/5000  loss 1.3877  lr 8.95e-04  |g| 0.558    88.6 ms    46256 tok/s   3323 GFLOP/s
step  1200/5000  loss 1.4004  lr 8.93e-04  |g| 0.544    88.5 ms    46264 tok/s   3324 GFLOP/s
step  1210/5000  loss 1.4471  lr 8.91e-04  |g| 0.549    88.5 ms    46284 tok/s   3325 GFLOP/s
step  1220/5000  loss 1.4461  lr 8.89e-04  |g| 0.606    88.5 ms    46294 tok/s   3326 GFLOP/s
step  1230/5000  loss 1.4274  lr 8.87e-04  |g| 0.531    88.5 ms    46306 tok/s   3327 GFLOP/s
step  1240/5000  loss 1.4775  lr 8.85e-04  |g| 0.571    88.6 ms    46250 tok/s   3323 GFLOP/s
step  1250/5000  loss 1.4366  lr 8.83e-04  |g| 0.557    88.5 ms    46264 tok/s   3324 GFLOP/s
  [eval] step 1250  val loss 1.7325
step  1260/5000  loss 1.4231  lr 8.81e-04  |g| 0.576    88.6 ms    46251 tok/s   3323 GFLOP/s
step  1270/5000  loss 1.3651  lr 8.79e-04  |g| 0.536    88.5 ms    46271 tok/s   3324 GFLOP/s
step  1280/5000  loss 1.3519  lr 8.77e-04  |g| 0.526    88.7 ms    46185 tok/s   3318 GFLOP/s
step  1290/5000  loss 1.3199  lr 8.75e-04  |g| 0.518    88.6 ms    46254 tok/s   3323 GFLOP/s
step  1300/5000  loss 1.3668  lr 8.73e-04  |g| 0.561    88.5 ms    46293 tok/s   3326 GFLOP/s
step  1310/5000  loss 1.3421  lr 8.71e-04  |g| 0.514    88.6 ms    46226 tok/s   3321 GFLOP/s
step  1320/5000  loss 1.4013  lr 8.69e-04  |g| 0.544    88.6 ms    46241 tok/s   3322 GFLOP/s
step  1330/5000  loss 1.3969  lr 8.67e-04  |g| 0.511    88.5 ms    46263 tok/s   3324 GFLOP/s
step  1340/5000  loss 1.3998  lr 8.65e-04  |g| 0.554    88.5 ms    46257 tok/s   3323 GFLOP/s
step  1350/5000  loss 1.3637  lr 8.63e-04  |g| 0.572    88.5 ms    46287 tok/s   3326 GFLOP/s
step  1360/5000  loss 1.3505  lr 8.61e-04  |g| 0.554    88.5 ms    46265 tok/s   3324 GFLOP/s
step  1370/5000  loss 1.3299  lr 8.59e-04  |g| 0.540    88.6 ms    46233 tok/s   3322 GFLOP/s
step  1380/5000  loss 1.3498  lr 8.57e-04  |g| 0.584    88.5 ms    46285 tok/s   3325 GFLOP/s
step  1390/5000  loss 1.4258  lr 8.55e-04  |g| 0.521    88.5 ms    46264 tok/s   3324 GFLOP/s
step  1400/5000  loss 1.3569  lr 8.53e-04  |g| 0.506    88.6 ms    46217 tok/s   3321 GFLOP/s
step  1410/5000  loss 1.4155  lr 8.50e-04  |g| 0.534    88.7 ms    46201 tok/s   3319 GFLOP/s
step  1420/5000  loss 1.3703  lr 8.48e-04  |g| 0.574    88.6 ms    46237 tok/s   3322 GFLOP/s
step  1430/5000  loss 1.3853  lr 8.46e-04  |g| 0.533    88.6 ms    46241 tok/s   3322 GFLOP/s
step  1440/5000  loss 1.3350  lr 8.44e-04  |g| 0.543    88.6 ms    46235 tok/s   3322 GFLOP/s
step  1450/5000  loss 1.3519  lr 8.42e-04  |g| 0.571    88.5 ms    46263 tok/s   3324 GFLOP/s
step  1460/5000  loss 1.3885  lr 8.39e-04  |g| 0.637    88.6 ms    46233 tok/s   3322 GFLOP/s
step  1470/5000  loss 1.3872  lr 8.37e-04  |g| 0.560    88.5 ms    46274 tok/s   3325 GFLOP/s
step  1480/5000  loss 1.3482  lr 8.35e-04  |g| 0.532    88.6 ms    46231 tok/s   3322 GFLOP/s
step  1490/5000  loss 1.3052  lr 8.33e-04  |g| 0.572    88.6 ms    46218 tok/s   3321 GFLOP/s
step  1500/5000  loss 1.3765  lr 8.31e-04  |g| 0.551    88.6 ms    46231 tok/s   3322 GFLOP/s
  [eval] step 1500  val loss 1.6497
step  1510/5000  loss 1.3693  lr 8.28e-04  |g| 0.581    88.5 ms    46263 tok/s   3324 GFLOP/s
step  1520/5000  loss 1.2868  lr 8.26e-04  |g| 0.528    88.5 ms    46283 tok/s   3325 GFLOP/s
step  1530/5000  loss 1.3423  lr 8.24e-04  |g| 0.532    88.6 ms    46251 tok/s   3323 GFLOP/s
step  1540/5000  loss 1.3754  lr 8.21e-04  |g| 0.501    88.6 ms    46247 tok/s   3323 GFLOP/s
step  1550/5000  loss 1.3229  lr 8.19e-04  |g| 0.496    88.6 ms    46231 tok/s   3322 GFLOP/s
step  1560/5000  loss 1.3306  lr 8.17e-04  |g| 0.545    88.6 ms    46248 tok/s   3323 GFLOP/s
step  1570/5000  loss 1.2425  lr 8.15e-04  |g| 0.517    88.6 ms    46239 tok/s   3322 GFLOP/s
step  1580/5000  loss 1.3174  lr 8.12e-04  |g| 0.481    88.5 ms    46275 tok/s   3325 GFLOP/s
step  1590/5000  loss 1.3283  lr 8.10e-04  |g| 0.474    88.5 ms    46264 tok/s   3324 GFLOP/s
step  1600/5000  loss 1.3052  lr 8.07e-04  |g| 0.522    88.6 ms    46234 tok/s   3322 GFLOP/s
step  1610/5000  loss 1.3337  lr 8.05e-04  |g| 0.551    88.8 ms    46147 tok/s   3316 GFLOP/s
step  1620/5000  loss 1.3270  lr 8.03e-04  |g| 0.519    88.6 ms    46234 tok/s   3322 GFLOP/s
step  1630/5000  loss 1.3203  lr 8.00e-04  |g| 0.541    88.6 ms    46212 tok/s   3320 GFLOP/s
step  1640/5000  loss 1.2925  lr 7.98e-04  |g| 0.490    88.6 ms    46255 tok/s   3323 GFLOP/s
step  1650/5000  loss 1.3025  lr 7.95e-04  |g| 0.494    88.4 ms    46317 tok/s   3328 GFLOP/s
step  1660/5000  loss 1.2916  lr 7.93e-04  |g| 0.511    88.6 ms    46254 tok/s   3323 GFLOP/s
step  1670/5000  loss 1.2554  lr 7.91e-04  |g| 0.495    88.6 ms    46250 tok/s   3323 GFLOP/s
step  1680/5000  loss 1.3535  lr 7.88e-04  |g| 0.556    88.6 ms    46236 tok/s   3322 GFLOP/s
step  1690/5000  loss 1.2736  lr 7.86e-04  |g| 0.492    88.6 ms    46248 tok/s   3323 GFLOP/s
step  1700/5000  loss 1.2786  lr 7.83e-04  |g| 0.501    88.6 ms    46244 tok/s   3323 GFLOP/s
step  1710/5000  loss 1.2477  lr 7.81e-04  |g| 0.466    88.6 ms    46256 tok/s   3323 GFLOP/s
step  1720/5000  loss 1.2753  lr 7.78e-04  |g| 0.490    88.6 ms    46245 tok/s   3323 GFLOP/s
step  1730/5000  loss 1.2753  lr 7.76e-04  |g| 0.480    88.5 ms    46274 tok/s   3325 GFLOP/s
step  1740/5000  loss 1.1941  lr 7.73e-04  |g| 0.515    88.5 ms    46296 tok/s   3326 GFLOP/s
step  1750/5000  loss 1.2394  lr 7.71e-04  |g| 0.513    88.5 ms    46289 tok/s   3326 GFLOP/s
  [eval] step 1750  val loss 1.6147
step  1760/5000  loss 1.2370  lr 7.68e-04  |g| 0.491    88.5 ms    46261 tok/s   3324 GFLOP/s
step  1770/5000  loss 1.3131  lr 7.66e-04  |g| 0.529    88.6 ms    46255 tok/s   3323 GFLOP/s
step  1780/5000  loss 1.2839  lr 7.63e-04  |g| 0.500    88.5 ms    46281 tok/s   3325 GFLOP/s
step  1790/5000  loss 1.3024  lr 7.61e-04  |g| 0.520    88.6 ms    46235 tok/s   3322 GFLOP/s
step  1800/5000  loss 1.3040  lr 7.58e-04  |g| 0.484    88.6 ms    46242 tok/s   3322 GFLOP/s
step  1810/5000  loss 1.3091  lr 7.56e-04  |g| 0.528    88.6 ms    46248 tok/s   3323 GFLOP/s
step  1820/5000  loss 1.2734  lr 7.53e-04  |g| 0.504    88.6 ms    46241 tok/s   3322 GFLOP/s
step  1830/5000  loss 1.3027  lr 7.50e-04  |g| 0.487    88.4 ms    46317 tok/s   3328 GFLOP/s
step  1840/5000  loss 1.2856  lr 7.48e-04  |g| 0.572    88.5 ms    46264 tok/s   3324 GFLOP/s
step  1850/5000  loss 1.2733  lr 7.45e-04  |g| 0.492    88.4 ms    46311 tok/s   3327 GFLOP/s
step  1860/5000  loss 1.2660  lr 7.43e-04  |g| 0.508    88.4 ms    46320 tok/s   3328 GFLOP/s
step  1870/5000  loss 1.2495  lr 7.40e-04  |g| 0.521    88.6 ms    46225 tok/s   3321 GFLOP/s
step  1880/5000  loss 1.2254  lr 7.37e-04  |g| 0.454    88.6 ms    46227 tok/s   3321 GFLOP/s
step  1890/5000  loss 1.1690  lr 7.35e-04  |g| 0.493    88.6 ms    46242 tok/s   3322 GFLOP/s
step  1900/5000  loss 1.2489  lr 7.32e-04  |g| 0.500    88.6 ms    46219 tok/s   3321 GFLOP/s
step  1910/5000  loss 1.2263  lr 7.30e-04  |g| 0.519    88.5 ms    46298 tok/s   3326 GFLOP/s
step  1920/5000  loss 1.2602  lr 7.27e-04  |g| 0.545    88.6 ms    46222 tok/s   3321 GFLOP/s
step  1930/5000  loss 1.2641  lr 7.24e-04  |g| 0.511    88.5 ms    46279 tok/s   3325 GFLOP/s
step  1940/5000  loss 1.2284  lr 7.22e-04  |g| 0.517    88.5 ms    46282 tok/s   3325 GFLOP/s
step  1950/5000  loss 1.2212  lr 7.19e-04  |g| 0.509    88.6 ms    46234 tok/s   3322 GFLOP/s
step  1960/5000  loss 1.2390  lr 7.16e-04  |g| 0.491    88.5 ms    46270 tok/s   3324 GFLOP/s
step  1970/5000  loss 1.2886  lr 7.14e-04  |g| 0.531    88.6 ms    46246 tok/s   3323 GFLOP/s
step  1980/5000  loss 1.2496  lr 7.11e-04  |g| 0.482    88.6 ms    46242 tok/s   3322 GFLOP/s
step  1990/5000  loss 1.2437  lr 7.08e-04  |g| 0.499    88.7 ms    46160 tok/s   3317 GFLOP/s
step  2000/5000  loss 1.1691  lr 7.05e-04  |g| 0.495    88.5 ms    46295 tok/s   3326 GFLOP/s
  [eval] step 2000  val loss 1.4444
  [sample] ------------------------------------------
I'll I do I desire.
Well, my lord. I will pay I will not.

LADY GREY:
There is very death.

KING EDWARD IV:
I have put you when given to the sun of Lantogether.

KING EDWARD IV:
Indeed; and we are either but temperity.

GLOUCESTERS ELIVENCERDIOH:
'Tis in his lander bed.

KING EDWARD IV:
And thanks, he did me knowledge our cause?

GLOUCESTER:
And what, the glove of this mother of the vault
In all w
  ---------------------------------------------------
step  2010/5000  loss 1.2289  lr 7.03e-04  |g| 0.513    88.6 ms    46247 tok/s   3323 GFLOP/s
step  2020/5000  loss 1.2999  lr 7.00e-04  |g| 0.556    88.6 ms    46249 tok/s   3323 GFLOP/s
step  2030/5000  loss 1.2196  lr 6.97e-04  |g| 0.519    88.5 ms    46269 tok/s   3324 GFLOP/s
step  2040/5000  loss 1.2352  lr 6.95e-04  |g| 0.472    88.5 ms    46286 tok/s   3326 GFLOP/s
step  2050/5000  loss 1.2363  lr 6.92e-04  |g| 0.534    88.5 ms    46263 tok/s   3324 GFLOP/s
step  2060/5000  loss 1.2548  lr 6.89e-04  |g| 0.491    88.5 ms    46280 tok/s   3325 GFLOP/s
step  2070/5000  loss 1.2821  lr 6.86e-04  |g| 0.522    88.5 ms    46294 tok/s   3326 GFLOP/s
step  2080/5000  loss 1.2156  lr 6.84e-04  |g| 0.521    88.6 ms    46239 tok/s   3322 GFLOP/s
step  2090/5000  loss 1.2304  lr 6.81e-04  |g| 0.529    88.6 ms    46232 tok/s   3322 GFLOP/s
step  2100/5000  loss 1.2252  lr 6.78e-04  |g| 0.490    88.5 ms    46278 tok/s   3325 GFLOP/s
step  2110/5000  loss 1.1867  lr 6.75e-04  |g| 0.519    88.6 ms    46255 tok/s   3323 GFLOP/s
step  2120/5000  loss 1.2586  lr 6.72e-04  |g| 0.569    88.5 ms    46289 tok/s   3326 GFLOP/s
step  2130/5000  loss 1.1932  lr 6.70e-04  |g| 0.618    88.5 ms    46260 tok/s   3324 GFLOP/s
step  2140/5000  loss 1.2229  lr 6.67e-04  |g| 0.544    88.5 ms    46305 tok/s   3327 GFLOP/s
step  2150/5000  loss 1.2035  lr 6.64e-04  |g| 0.504    88.5 ms    46276 tok/s   3325 GFLOP/s
step  2160/5000  loss 1.2712  lr 6.61e-04  |g| 0.558    88.5 ms    46276 tok/s   3325 GFLOP/s
step  2170/5000  loss 1.2136  lr 6.59e-04  |g| 0.506    88.6 ms    46235 tok/s   3322 GFLOP/s
step  2180/5000  loss 1.2169  lr 6.56e-04  |g| 0.472    88.5 ms    46275 tok/s   3325 GFLOP/s
step  2190/5000  loss 1.1998  lr 6.53e-04  |g| 0.492    88.5 ms    46284 tok/s   3325 GFLOP/s
step  2200/5000  loss 1.1710  lr 6.50e-04  |g| 0.474    88.5 ms    46271 tok/s   3324 GFLOP/s
step  2210/5000  loss 1.1663  lr 6.47e-04  |g| 0.479    88.5 ms    46300 tok/s   3327 GFLOP/s
step  2220/5000  loss 1.1742  lr 6.45e-04  |g| 0.456    88.5 ms    46288 tok/s   3326 GFLOP/s
step  2230/5000  loss 1.2259  lr 6.42e-04  |g| 0.442    88.5 ms    46267 tok/s   3324 GFLOP/s
step  2240/5000  loss 1.1977  lr 6.39e-04  |g| 0.472    88.5 ms    46266 tok/s   3324 GFLOP/s
step  2250/5000  loss 1.1868  lr 6.36e-04  |g| 0.510    88.6 ms    46222 tok/s   3321 GFLOP/s
  [eval] step 2250  val loss 1.4731
step  2260/5000  loss 1.2052  lr 6.33e-04  |g| 0.475    88.7 ms    46201 tok/s   3319 GFLOP/s
step  2270/5000  loss 1.2308  lr 6.30e-04  |g| 0.513    88.6 ms    46234 tok/s   3322 GFLOP/s
step  2280/5000  loss 1.1679  lr 6.28e-04  |g| 0.467    88.6 ms    46240 tok/s   3322 GFLOP/s
step  2290/5000  loss 1.1820  lr 6.25e-04  |g| 0.515    88.5 ms    46263 tok/s   3324 GFLOP/s
step  2300/5000  loss 1.1969  lr 6.22e-04  |g| 0.517    88.6 ms    46247 tok/s   3323 GFLOP/s
step  2310/5000  loss 1.1542  lr 6.19e-04  |g| 0.465    88.5 ms    46286 tok/s   3326 GFLOP/s
step  2320/5000  loss 1.1953  lr 6.16e-04  |g| 0.513    88.5 ms    46273 tok/s   3325 GFLOP/s
step  2330/5000  loss 1.2026  lr 6.13e-04  |g| 0.511    88.6 ms    46228 tok/s   3321 GFLOP/s
step  2340/5000  loss 1.1709  lr 6.10e-04  |g| 0.552    88.6 ms    46239 tok/s   3322 GFLOP/s
step  2350/5000  loss 1.1598  lr 6.08e-04  |g| 0.475    88.6 ms    46245 tok/s   3323 GFLOP/s
step  2360/5000  loss 1.2085  lr 6.05e-04  |g| 0.547    88.6 ms    46207 tok/s   3320 GFLOP/s
step  2370/5000  loss 1.1713  lr 6.02e-04  |g| 0.540    88.5 ms    46280 tok/s   3325 GFLOP/s
step  2380/5000  loss 1.1842  lr 5.99e-04  |g| 0.525    88.6 ms    46213 tok/s   3320 GFLOP/s
step  2390/5000  loss 1.2006  lr 5.96e-04  |g| 0.499    88.6 ms    46213 tok/s   3320 GFLOP/s
step  2400/5000  loss 1.1438  lr 5.93e-04  |g| 0.530    88.4 ms    46323 tok/s   3328 GFLOP/s
step  2410/5000  loss 1.2527  lr 5.90e-04  |g| 0.657    88.5 ms    46283 tok/s   3325 GFLOP/s
step  2420/5000  loss 1.1092  lr 5.87e-04  |g| 0.487    88.5 ms    46274 tok/s   3325 GFLOP/s
step  2430/5000  loss 1.1188  lr 5.85e-04  |g| 0.504    88.6 ms    46243 tok/s   3322 GFLOP/s
step  2440/5000  loss 1.1675  lr 5.82e-04  |g| 0.542    88.6 ms    46252 tok/s   3323 GFLOP/s
step  2450/5000  loss 1.2100  lr 5.79e-04  |g| 0.535    88.6 ms    46242 tok/s   3322 GFLOP/s
step  2460/5000  loss 1.1966  lr 5.76e-04  |g| 0.517    88.6 ms    46253 tok/s   3323 GFLOP/s
step  2470/5000  loss 1.1336  lr 5.73e-04  |g| 0.511    88.5 ms    46281 tok/s   3325 GFLOP/s
step  2480/5000  loss 1.1729  lr 5.70e-04  |g| 0.507    88.6 ms    46249 tok/s   3323 GFLOP/s
step  2490/5000  loss 1.2055  lr 5.67e-04  |g| 0.586    88.5 ms    46276 tok/s   3325 GFLOP/s
step  2500/5000  loss 1.2143  lr 5.64e-04  |g| 0.569    88.5 ms    46292 tok/s   3326 GFLOP/s
  [eval] step 2500  val loss 1.6122
step  2510/5000  loss 1.1667  lr 5.62e-04  |g| 0.514    88.5 ms    46257 tok/s   3323 GFLOP/s
step  2520/5000  loss 1.1183  lr 5.59e-04  |g| 0.488    88.7 ms    46173 tok/s   3317 GFLOP/s
step  2530/5000  loss 1.1262  lr 5.56e-04  |g| 0.501    88.5 ms    46298 tok/s   3326 GFLOP/s
step  2540/5000  loss 1.1663  lr 5.53e-04  |g| 0.514    88.5 ms    46259 tok/s   3324 GFLOP/s
step  2550/5000  loss 1.2034  lr 5.50e-04  |g| 0.546    88.6 ms    46230 tok/s   3322 GFLOP/s
step  2560/5000  loss 1.1739  lr 5.47e-04  |g| 0.545    88.6 ms    46233 tok/s   3322 GFLOP/s
step  2570/5000  loss 1.2215  lr 5.44e-04  |g| 0.547    88.5 ms    46287 tok/s   3326 GFLOP/s
step  2580/5000  loss 1.1473  lr 5.41e-04  |g| 0.504    88.5 ms    46291 tok/s   3326 GFLOP/s
step  2590/5000  loss 1.1675  lr 5.38e-04  |g| 0.556    88.5 ms    46269 tok/s   3324 GFLOP/s
step  2600/5000  loss 1.1643  lr 5.36e-04  |g| 0.525    88.5 ms    46270 tok/s   3324 GFLOP/s
step  2610/5000  loss 1.1046  lr 5.33e-04  |g| 0.545    88.5 ms    46272 tok/s   3325 GFLOP/s
step  2620/5000  loss 1.1046  lr 5.30e-04  |g| 0.522    88.5 ms    46304 tok/s   3327 GFLOP/s
step  2630/5000  loss 1.1854  lr 5.27e-04  |g| 0.540    88.5 ms    46285 tok/s   3325 GFLOP/s
step  2640/5000  loss 1.1398  lr 5.24e-04  |g| 0.563    88.5 ms    46274 tok/s   3325 GFLOP/s
step  2650/5000  loss 1.1590  lr 5.21e-04  |g| 0.567    88.6 ms    46233 tok/s   3322 GFLOP/s
step  2660/5000  loss 1.1637  lr 5.18e-04  |g| 0.551    88.6 ms    46256 tok/s   3323 GFLOP/s
step  2670/5000  loss 1.0737  lr 5.15e-04  |g| 0.498    88.6 ms    46245 tok/s   3323 GFLOP/s
step  2680/5000  loss 1.1154  lr 5.13e-04  |g| 0.535    88.9 ms    46096 tok/s   3312 GFLOP/s
step  2690/5000  loss 1.1300  lr 5.10e-04  |g| 0.496    88.6 ms    46243 tok/s   3322 GFLOP/s
step  2700/5000  loss 1.1215  lr 5.07e-04  |g| 0.562    88.5 ms    46260 tok/s   3324 GFLOP/s
step  2710/5000  loss 1.0640  lr 5.04e-04  |g| 0.505    88.5 ms    46269 tok/s   3324 GFLOP/s
step  2720/5000  loss 1.1057  lr 5.01e-04  |g| 0.548    88.5 ms    46258 tok/s   3324 GFLOP/s
step  2730/5000  loss 1.1089  lr 4.98e-04  |g| 0.518    88.5 ms    46277 tok/s   3325 GFLOP/s
step  2740/5000  loss 1.0749  lr 4.95e-04  |g| 0.509    88.5 ms    46271 tok/s   3324 GFLOP/s
step  2750/5000  loss 1.0556  lr 4.92e-04  |g| 0.519    88.6 ms    46252 tok/s   3323 GFLOP/s
  [eval] step 2750  val loss 1.4580
step  2760/5000  loss 1.1010  lr 4.90e-04  |g| 0.530    88.6 ms    46249 tok/s   3323 GFLOP/s
step  2770/5000  loss 1.1111  lr 4.87e-04  |g| 0.544    88.8 ms    46149 tok/s   3316 GFLOP/s
step  2780/5000  loss 1.1021  lr 4.84e-04  |g| 0.559    88.7 ms    46202 tok/s   3320 GFLOP/s
step  2790/5000  loss 1.0703  lr 4.81e-04  |g| 0.546    88.6 ms    46233 tok/s   3322 GFLOP/s
step  2800/5000  loss 1.1294  lr 4.78e-04  |g| 0.581    88.6 ms    46211 tok/s   3320 GFLOP/s
