data      1003855 train / 111539 val tokens, vocab 65 (padded 128)
model     6 layers, 6 heads, 384 embd, ctx 256, unfused attention
params    10.80M (41.2 MB; +41.2 MB grads, +82.4 MB adam state)
memory    952.4 MB forward activations, 146.0 MB backward scratch
total     1.23 GB resident (params+grads+adam+activations+scratch)
step     1/5000  loss 4.2625  lr 1.00e-05  |g| 15.666    95.1 ms    43086 tok/s   3096 GFLOP/s
step    10/5000  loss 3.1097  lr 1.00e-04  |g| 6.345    91.2 ms    44917 tok/s   3227 GFLOP/s
step    20/5000  loss 2.7430  lr 2.00e-04  |g| 1.405    91.2 ms    44910 tok/s   3227 GFLOP/s
step    30/5000  loss 2.6149  lr 3.00e-04  |g| 1.379    91.3 ms    44864 tok/s   3223 GFLOP/s
step    40/5000  loss 2.5989  lr 4.00e-04  |g| 1.659    91.2 ms    44916 tok/s   3227 GFLOP/s
step    50/5000  loss 2.5331  lr 5.00e-04  |g| 0.915    91.2 ms    44936 tok/s   3229 GFLOP/s
step    60/5000  loss 2.5306  lr 6.00e-04  |g| 0.881    91.5 ms    44760 tok/s   3216 GFLOP/s
step    70/5000  loss 2.4765  lr 7.00e-04  |g| 0.731    91.1 ms    44953 tok/s   3230 GFLOP/s
step    80/5000  loss 2.4952  lr 8.00e-04  |g| 0.950    91.3 ms    44877 tok/s   3224 GFLOP/s
step    90/5000  loss 2.5092  lr 9.00e-04  |g| 0.710    91.2 ms    44922 tok/s   3228 GFLOP/s
step   100/5000  loss 2.4958  lr 1.00e-03  |g| 0.702    91.1 ms    44945 tok/s   3229 GFLOP/s
  [eval] step 100  val loss 2.5258  (20 batches)  <- best
step   110/5000  loss 2.5246  lr 1.00e-03  |g| 0.730    91.2 ms    44914 tok/s   3227 GFLOP/s
step   120/5000  loss 2.4466  lr 1.00e-03  |g| 0.691    91.2 ms    44929 tok/s   3228 GFLOP/s
step   130/5000  loss 2.4265  lr 1.00e-03  |g| 0.687    91.1 ms    44976 tok/s   3231 GFLOP/s
step   140/5000  loss 2.4549  lr 1.00e-03  |g| 0.680    91.0 ms    45018 tok/s   3234 GFLOP/s
step   150/5000  loss 2.4165  lr 1.00e-03  |g| 0.702    91.2 ms    44932 tok/s   3228 GFLOP/s
step   160/5000  loss 2.4101  lr 1.00e-03  |g| 0.702    91.1 ms    44957 tok/s   3230 GFLOP/s
step   170/5000  loss 2.4118  lr 1.00e-03  |g| 0.651    91.1 ms    44973 tok/s   3231 GFLOP/s
step   180/5000  loss 2.3990  lr 9.99e-04  |g| 1.039    91.1 ms    44976 tok/s   3231 GFLOP/s
step   190/5000  loss 2.3874  lr 9.99e-04  |g| 0.724    90.9 ms    45040 tok/s   3236 GFLOP/s
step   200/5000  loss 2.3841  lr 9.99e-04  |g| 0.870    91.1 ms    44970 tok/s   3231 GFLOP/s
  [eval] step 200  val loss 2.4060  (20 batches)  <- best
step   210/5000  loss 2.3922  lr 9.99e-04  |g| 0.896    91.0 ms    45002 tok/s   3233 GFLOP/s
step   220/5000  loss 2.3115  lr 9.99e-04  |g| 0.730    91.2 ms    44908 tok/s   3227 GFLOP/s
step   230/5000  loss 2.2556  lr 9.98e-04  |g| 0.903    91.1 ms    44940 tok/s   3229 GFLOP/s
step   240/5000  loss 2.2047  lr 9.98e-04  |g| 1.492    91.1 ms    44981 tok/s   3232 GFLOP/s
step   250/5000  loss 2.1589  lr 9.98e-04  |g| 0.738    91.1 ms    44950 tok/s   3230 GFLOP/s
step   260/5000  loss 2.1202  lr 9.98e-04  |g| 0.932    91.0 ms    45015 tok/s   3234 GFLOP/s
step   270/5000  loss 2.1412  lr 9.97e-04  |g| 1.238    91.0 ms    45007 tok/s   3234 GFLOP/s
step   280/5000  loss 2.0727  lr 9.97e-04  |g| 0.783    91.2 ms    44934 tok/s   3228 GFLOP/s
step   290/5000  loss 2.0876  lr 9.97e-04  |g| 0.916    91.0 ms    45024 tok/s   3235 GFLOP/s
step   300/5000  loss 2.0167  lr 9.96e-04  |g| 0.833    91.0 ms    45018 tok/s   3234 GFLOP/s
  [eval] step 300  val loss 2.1375  (20 batches)  <- best
step   310/5000  loss 2.0239  lr 9.96e-04  |g| 0.969    91.0 ms    45018 tok/s   3234 GFLOP/s
step   320/5000  loss 2.0355  lr 9.96e-04  |g| 0.883    90.9 ms    45037 tok/s   3236 GFLOP/s
step   330/5000  loss 1.9999  lr 9.95e-04  |g| 0.950    91.0 ms    44992 tok/s   3233 GFLOP/s
step   340/5000  loss 1.9991  lr 9.95e-04  |g| 0.837    91.1 ms    44972 tok/s   3231 GFLOP/s
step   350/5000  loss 1.9104  lr 9.94e-04  |g| 0.797    91.0 ms    45002 tok/s   3233 GFLOP/s
step   360/5000  loss 1.8748  lr 9.94e-04  |g| 1.074    91.0 ms    44995 tok/s   3233 GFLOP/s
step   370/5000  loss 1.9327  lr 9.93e-04  |g| 0.844    91.0 ms    45003 tok/s   3233 GFLOP/s
step   380/5000  loss 1.8674  lr 9.93e-04  |g| 0.814    91.0 ms    44996 tok/s   3233 GFLOP/s
step   390/5000  loss 1.8061  lr 9.92e-04  |g| 0.772    91.1 ms    44971 tok/s   3231 GFLOP/s
step   400/5000  loss 1.8928  lr 9.92e-04  |g| 0.798    91.1 ms    44963 tok/s   3230 GFLOP/s
  [eval] step 400  val loss 1.9960  (20 batches)  <- best
step   410/5000  loss 1.8070  lr 9.91e-04  |g| 0.757    91.0 ms    45010 tok/s   3234 GFLOP/s
step   420/5000  loss 1.8223  lr 9.91e-04  |g| 0.768    91.0 ms    45005 tok/s   3234 GFLOP/s
step   430/5000  loss 1.8891  lr 9.90e-04  |g| 0.814    91.0 ms    44992 tok/s   3233 GFLOP/s
step   440/5000  loss 1.8294  lr 9.89e-04  |g| 0.820    91.1 ms    44977 tok/s   3232 GFLOP/s
step   450/5000  loss 1.8503  lr 9.89e-04  |g| 0.779    91.0 ms    45016 tok/s   3234 GFLOP/s
step   460/5000  loss 1.8005  lr 9.88e-04  |g| 0.802    91.1 ms    44968 tok/s   3231 GFLOP/s
step   470/5000  loss 1.7614  lr 9.87e-04  |g| 0.776    91.0 ms    45004 tok/s   3233 GFLOP/s
step   480/5000  loss 1.8031  lr 9.87e-04  |g| 0.813    91.0 ms    45018 tok/s   3234 GFLOP/s
step   490/5000  loss 1.6733  lr 9.86e-04  |g| 0.758    91.0 ms    45009 tok/s   3234 GFLOP/s
step   500/5000  loss 1.7458  lr 9.85e-04  |g| 0.683    91.0 ms    45006 tok/s   3234 GFLOP/s
  [eval] step 500  val loss 1.8861  (20 batches)  <- best
step   510/5000  loss 1.7104  lr 9.85e-04  |g| 0.710    91.0 ms    44997 tok/s   3233 GFLOP/s
step   520/5000  loss 1.6556  lr 9.84e-04  |g| 0.726    91.0 ms    45022 tok/s   3235 GFLOP/s
step   530/5000  loss 1.7015  lr 9.83e-04  |g| 0.839    91.0 ms    45003 tok/s   3233 GFLOP/s
step   540/5000  loss 1.7709  lr 9.82e-04  |g| 0.749    91.0 ms    45011 tok/s   3234 GFLOP/s
step   550/5000  loss 1.6707  lr 9.81e-04  |g| 0.657    90.9 ms    45040 tok/s   3236 GFLOP/s
step   560/5000  loss 1.7678  lr 9.81e-04  |g| 0.704    91.1 ms    44969 tok/s   3231 GFLOP/s
step   570/5000  loss 1.6691  lr 9.80e-04  |g| 0.667    91.1 ms    44973 tok/s   3231 GFLOP/s
step   580/5000  loss 1.6388  lr 9.79e-04  |g| 0.620    91.1 ms    44978 tok/s   3232 GFLOP/s
step   590/5000  loss 1.7224  lr 9.78e-04  |g| 0.755    91.0 ms    44995 tok/s   3233 GFLOP/s
step   600/5000  loss 1.6363  lr 9.77e-04  |g| 0.721    91.1 ms    44982 tok/s   3232 GFLOP/s
  [eval] step 600  val loss 1.8317  (20 batches)  <- best
step   610/5000  loss 1.6732  lr 9.76e-04  |g| 0.677    91.1 ms    44978 tok/s   3232 GFLOP/s
step   620/5000  loss 1.6213  lr 9.75e-04  |g| 0.729    91.1 ms    44984 tok/s   3232 GFLOP/s
step   630/5000  loss 1.5697  lr 9.74e-04  |g| 0.696    91.1 ms    44940 tok/s   3229 GFLOP/s
step   640/5000  loss 1.6811  lr 9.73e-04  |g| 0.783    91.0 ms    45017 tok/s   3234 GFLOP/s
step   650/5000  loss 1.6049  lr 9.72e-04  |g| 0.656    91.2 ms    44926 tok/s   3228 GFLOP/s
step   660/5000  loss 1.5710  lr 9.71e-04  |g| 0.650    91.0 ms    44992 tok/s   3233 GFLOP/s
step   670/5000  loss 1.6463  lr 9.70e-04  |g| 0.640    91.0 ms    45005 tok/s   3234 GFLOP/s
step   680/5000  loss 1.6565  lr 9.69e-04  |g| 0.679    91.1 ms    44985 tok/s   3232 GFLOP/s
step   690/5000  loss 1.5669  lr 9.68e-04  |g| 0.653    91.1 ms    44981 tok/s   3232 GFLOP/s
step   700/5000  loss 1.5922  lr 9.67e-04  |g| 0.699    90.9 ms    45038 tok/s   3236 GFLOP/s
  [eval] step 700  val loss 1.7657  (20 batches)  <- best
step   710/5000  loss 1.5573  lr 9.66e-04  |g| 0.607    91.1 ms    44962 tok/s   3230 GFLOP/s
step   720/5000  loss 1.5966  lr 9.65e-04  |g| 0.632    91.0 ms    45028 tok/s   3235 GFLOP/s
step   730/5000  loss 1.6214  lr 9.64e-04  |g| 0.686    91.0 ms    44989 tok/s   3232 GFLOP/s
step   740/5000  loss 1.5925  lr 9.63e-04  |g| 0.637    91.0 ms    45008 tok/s   3234 GFLOP/s
step   750/5000  loss 1.6196  lr 9.61e-04  |g| 0.647    91.1 ms    44963 tok/s   3230 GFLOP/s
step   760/5000  loss 1.5770  lr 9.60e-04  |g| 0.624    91.2 ms    44915 tok/s   3227 GFLOP/s
step   770/5000  loss 1.5246  lr 9.59e-04  |g| 0.583    91.1 ms    44983 tok/s   3232 GFLOP/s
step   780/5000  loss 1.6250  lr 9.58e-04  |g| 0.621    91.0 ms    45008 tok/s   3234 GFLOP/s
step   790/5000  loss 1.5205  lr 9.57e-04  |g| 0.552    91.0 ms    45012 tok/s   3234 GFLOP/s
step   800/5000  loss 1.5214  lr 9.55e-04  |g| 0.636    91.1 ms    44959 tok/s   3230 GFLOP/s
  [eval] step 800  val loss 1.7295  (20 batches)  <- best
step   810/5000  loss 1.5996  lr 9.54e-04  |g| 0.676    91.0 ms    45034 tok/s   3236 GFLOP/s
step   820/5000  loss 1.5247  lr 9.53e-04  |g| 0.618    91.0 ms    44997 tok/s   3233 GFLOP/s
step   830/5000  loss 1.5697  lr 9.52e-04  |g| 0.666    91.1 ms    44939 tok/s   3229 GFLOP/s
step   840/5000  loss 1.5625  lr 9.50e-04  |g| 0.612    91.1 ms    44985 tok/s   3232 GFLOP/s
step   850/5000  loss 1.4964  lr 9.49e-04  |g| 0.646    91.1 ms    44979 tok/s   3232 GFLOP/s
step   860/5000  loss 1.4709  lr 9.48e-04  |g| 0.630    91.1 ms    44945 tok/s   3229 GFLOP/s
step   870/5000  loss 1.5056  lr 9.46e-04  |g| 0.630    91.4 ms    44831 tok/s   3221 GFLOP/s
step   880/5000  loss 1.4766  lr 9.45e-04  |g| 0.577    91.1 ms    44985 tok/s   3232 GFLOP/s
step   890/5000  loss 1.5233  lr 9.44e-04  |g| 0.652    91.0 ms    45018 tok/s   3234 GFLOP/s
step   900/5000  loss 1.5138  lr 9.42e-04  |g| 0.600    91.0 ms    44995 tok/s   3233 GFLOP/s
  [eval] step 900  val loss 1.7120  (20 batches)  <- best
step   910/5000  loss 1.5021  lr 9.41e-04  |g| 0.579    91.1 ms    44985 tok/s   3232 GFLOP/s
step   920/5000  loss 1.5190  lr 9.39e-04  |g| 0.575    91.0 ms    45016 tok/s   3234 GFLOP/s
step   930/5000  loss 1.5384  lr 9.38e-04  |g| 0.559    90.9 ms    45054 tok/s   3237 GFLOP/s
step   940/5000  loss 1.5017  lr 9.36e-04  |g| 0.633    91.1 ms    44982 tok/s   3232 GFLOP/s
step   950/5000  loss 1.5152  lr 9.35e-04  |g| 0.573    91.0 ms    45021 tok/s   3235 GFLOP/s
step   960/5000  loss 1.4999  lr 9.33e-04  |g| 0.583    91.1 ms    44978 tok/s   3232 GFLOP/s
step   970/5000  loss 1.4987  lr 9.32e-04  |g| 0.536    91.0 ms    45013 tok/s   3234 GFLOP/s
step   980/5000  loss 1.4538  lr 9.30e-04  |g| 0.594    91.0 ms    45003 tok/s   3233 GFLOP/s
step   990/5000  loss 1.5139  lr 9.29e-04  |g| 0.557    91.1 ms    44958 tok/s   3230 GFLOP/s
step  1000/5000  loss 1.4938  lr 9.27e-04  |g| 0.582    91.0 ms    44996 tok/s   3233 GFLOP/s
  [eval] step 1000  val loss 1.6662  (20 batches)  <- best
step  1010/5000  loss 1.5008  lr 9.26e-04  |g| 0.649    90.9 ms    45077 tok/s   3239 GFLOP/s
step  1020/5000  loss 1.4768  lr 9.24e-04  |g| 0.596    90.9 ms    45064 tok/s   3238 GFLOP/s
step  1030/5000  loss 1.5059  lr 9.22e-04  |g| 0.592    91.1 ms    44978 tok/s   3232 GFLOP/s
step  1040/5000  loss 1.4770  lr 9.21e-04  |g| 0.595    91.0 ms    45007 tok/s   3234 GFLOP/s
step  1050/5000  loss 1.4886  lr 9.19e-04  |g| 0.522    91.1 ms    44948 tok/s   3229 GFLOP/s
step  1060/5000  loss 1.4165  lr 9.17e-04  |g| 0.720    91.1 ms    44984 tok/s   3232 GFLOP/s
step  1070/5000  loss 1.4505  lr 9.16e-04  |g| 0.527    91.0 ms    45020 tok/s   3235 GFLOP/s
step  1080/5000  loss 1.4191  lr 9.14e-04  |g| 0.500    90.9 ms    45059 tok/s   3237 GFLOP/s
step  1090/5000  loss 1.5001  lr 9.12e-04  |g| 0.606    91.0 ms    45001 tok/s   3233 GFLOP/s
step  1100/5000  loss 1.3464  lr 9.11e-04  |g| 0.677    90.9 ms    45049 tok/s   3237 GFLOP/s
  [eval] step 1100  val loss 1.6290  (20 batches)  <- best
step  1110/5000  loss 1.3841  lr 9.09e-04  |g| 0.536    91.1 ms    44985 tok/s   3232 GFLOP/s
step  1120/5000  loss 1.3734  lr 9.07e-04  |g| 0.565    91.0 ms    45006 tok/s   3234 GFLOP/s
step  1130/5000  loss 1.4406  lr 9.05e-04  |g| 0.577    90.9 ms    45065 tok/s   3238 GFLOP/s
step  1140/5000  loss 1.4937  lr 9.04e-04  |g| 0.528    90.9 ms    45042 tok/s   3236 GFLOP/s
step  1150/5000  loss 1.3959  lr 9.02e-04  |g| 0.501    91.0 ms    44987 tok/s   3232 GFLOP/s
step  1160/5000  loss 1.4481  lr 9.00e-04  |g| 0.651    91.0 ms    44991 tok/s   3232 GFLOP/s
step  1170/5000  loss 1.4169  lr 8.98e-04  |g| 0.575    91.1 ms    44971 tok/s   3231 GFLOP/s
step  1180/5000  loss 1.3834  lr 8.96e-04  |g| 0.477    91.1 ms    44976 tok/s   3231 GFLOP/s
step  1190/5000  loss 1.4680  lr 8.95e-04  |g| 0.607    90.9 ms    45047 tok/s   3237 GFLOP/s
step  1200/5000  loss 1.4126  lr 8.93e-04  |g| 0.543    91.1 ms    44952 tok/s   3230 GFLOP/s
  [eval] step 1200  val loss 1.6320  (20 batches)
step  1210/5000  loss 1.3957  lr 8.91e-04  |g| 0.586    91.1 ms    44983 tok/s   3232 GFLOP/s
step  1220/5000  loss 1.3947  lr 8.89e-04  |g| 0.604    91.0 ms    45010 tok/s   3234 GFLOP/s
step  1230/5000  loss 1.3621  lr 8.87e-04  |g| 0.546    91.0 ms    45033 tok/s   3236 GFLOP/s
step  1240/5000  loss 1.3757  lr 8.85e-04  |g| 0.542    91.0 ms    45025 tok/s   3235 GFLOP/s
step  1250/5000  loss 1.3738  lr 8.83e-04  |g| 0.581    90.9 ms    45047 tok/s   3237 GFLOP/s
step  1260/5000  loss 1.3897  lr 8.81e-04  |g| 0.565    91.1 ms    44972 tok/s   3231 GFLOP/s
step  1270/5000  loss 1.4107  lr 8.79e-04  |g| 0.533    91.0 ms    45009 tok/s   3234 GFLOP/s
step  1280/5000  loss 1.3683  lr 8.77e-04  |g| 0.544    91.1 ms    44972 tok/s   3231 GFLOP/s
step  1290/5000  loss 1.4084  lr 8.75e-04  |g| 0.568    91.0 ms    45023 tok/s   3235 GFLOP/s
step  1300/5000  loss 1.4358  lr 8.73e-04  |g| 0.568    90.9 ms    45055 tok/s   3237 GFLOP/s
  [eval] step 1300  val loss 1.5974  (20 batches)  <- best
step  1310/5000  loss 1.3734  lr 8.71e-04  |g| 0.562    90.9 ms    45051 tok/s   3237 GFLOP/s
step  1320/5000  loss 1.3870  lr 8.69e-04  |g| 0.558    91.0 ms    45016 tok/s   3234 GFLOP/s
step  1330/5000  loss 1.3860  lr 8.67e-04  |g| 0.560    91.0 ms    44989 tok/s   3232 GFLOP/s
step  1340/5000  loss 1.3981  lr 8.65e-04  |g| 0.555    91.0 ms    45008 tok/s   3234 GFLOP/s
step  1350/5000  loss 1.3945  lr 8.63e-04  |g| 0.543    91.0 ms    44992 tok/s   3233 GFLOP/s
step  1360/5000  loss 1.4078  lr 8.61e-04  |g| 0.535    91.1 ms    44946 tok/s   3229 GFLOP/s
step  1370/5000  loss 1.4273  lr 8.59e-04  |g| 0.520    91.3 ms    44876 tok/s   3224 GFLOP/s
step  1380/5000  loss 1.3564  lr 8.57e-04  |g| 0.489    91.0 ms    45034 tok/s   3236 GFLOP/s
step  1390/5000  loss 1.3228  lr 8.55e-04  |g| 0.507    91.2 ms    44931 tok/s   3228 GFLOP/s
step  1400/5000  loss 1.3707  lr 8.53e-04  |g| 0.506    91.0 ms    45011 tok/s   3234 GFLOP/s
  [eval] step 1400  val loss 1.5903  (20 batches)  <- best
step  1410/5000  loss 1.3673  lr 8.50e-04  |g| 0.522    91.0 ms    44991 tok/s   3233 GFLOP/s
step  1420/5000  loss 1.3940  lr 8.48e-04  |g| 0.572    91.1 ms    44974 tok/s   3231 GFLOP/s
step  1430/5000  loss 1.4211  lr 8.46e-04  |g| 0.516    91.1 ms    44968 tok/s   3231 GFLOP/s
step  1440/5000  loss 1.3239  lr 8.44e-04  |g| 0.550    91.0 ms    45010 tok/s   3234 GFLOP/s
step  1450/5000  loss 1.3245  lr 8.42e-04  |g| 0.515    91.0 ms    45029 tok/s   3235 GFLOP/s
step  1460/5000  loss 1.3159  lr 8.39e-04  |g| 0.574    91.0 ms    44998 tok/s   3233 GFLOP/s
step  1470/5000  loss 1.3631  lr 8.37e-04  |g| 0.515    91.1 ms    44978 tok/s   3232 GFLOP/s
step  1480/5000  loss 1.3934  lr 8.35e-04  |g| 0.590    91.2 ms    44924 tok/s   3228 GFLOP/s
step  1490/5000  loss 1.3947  lr 8.33e-04  |g| 0.565    90.9 ms    45052 tok/s   3237 GFLOP/s
step  1500/5000  loss 1.3543  lr 8.31e-04  |g| 0.517    91.1 ms    44943 tok/s   3229 GFLOP/s
  [eval] step 1500  val loss 1.5835  (20 batches)  <- best
step  1510/5000  loss 1.3389  lr 8.28e-04  |g| 0.519    91.0 ms    45022 tok/s   3235 GFLOP/s
step  1520/5000  loss 1.3745  lr 8.26e-04  |g| 0.498    91.0 ms    44994 tok/s   3233 GFLOP/s
step  1530/5000  loss 1.2486  lr 8.24e-04  |g| 0.497    91.1 ms    44950 tok/s   3230 GFLOP/s
step  1540/5000  loss 1.3563  lr 8.21e-04  |g| 0.528    91.0 ms    44988 tok/s   3232 GFLOP/s
step  1550/5000  loss 1.3796  lr 8.19e-04  |g| 0.505    91.1 ms    44978 tok/s   3232 GFLOP/s
step  1560/5000  loss 1.3738  lr 8.17e-04  |g| 0.532    91.0 ms    45019 tok/s   3235 GFLOP/s
step  1570/5000  loss 1.3318  lr 8.15e-04  |g| 0.562    91.0 ms    45000 tok/s   3233 GFLOP/s
step  1580/5000  loss 1.2958  lr 8.12e-04  |g| 0.508    91.1 ms    44973 tok/s   3231 GFLOP/s
step  1590/5000  loss 1.3654  lr 8.10e-04  |g| 0.523    91.2 ms    44936 tok/s   3229 GFLOP/s
step  1600/5000  loss 1.2988  lr 8.07e-04  |g| 0.540    91.1 ms    44984 tok/s   3232 GFLOP/s
  [eval] step 1600  val loss 1.5758  (20 batches)  <- best
step  1610/5000  loss 1.2997  lr 8.05e-04  |g| 0.497    91.0 ms    45030 tok/s   3235 GFLOP/s
step  1620/5000  loss 1.2704  lr 8.03e-04  |g| 0.494    91.1 ms    44961 tok/s   3230 GFLOP/s
step  1630/5000  loss 1.3365  lr 8.00e-04  |g| 0.538    91.1 ms    44968 tok/s   3231 GFLOP/s
step  1640/5000  loss 1.3404  lr 7.98e-04  |g| 0.523    91.2 ms    44934 tok/s   3228 GFLOP/s
step  1650/5000  loss 1.3536  lr 7.95e-04  |g| 0.521    91.1 ms    44985 tok/s   3232 GFLOP/s
step  1660/5000  loss 1.2855  lr 7.93e-04  |g| 0.468    91.0 ms    45013 tok/s   3234 GFLOP/s
step  1670/5000  loss 1.3101  lr 7.91e-04  |g| 0.497    91.1 ms    44979 tok/s   3232 GFLOP/s
step  1680/5000  loss 1.3543  lr 7.88e-04  |g| 0.525    91.1 ms    44970 tok/s   3231 GFLOP/s
step  1690/5000  loss 1.2516  lr 7.86e-04  |g| 0.582    91.1 ms    44940 tok/s   3229 GFLOP/s
step  1700/5000  loss 1.3535  lr 7.83e-04  |g| 0.512    91.1 ms    44966 tok/s   3231 GFLOP/s
  [eval] step 1700  val loss 1.5616  (20 batches)  <- best
step  1710/5000  loss 1.2993  lr 7.81e-04  |g| 0.526    91.1 ms    44943 tok/s   3229 GFLOP/s
step  1720/5000  loss 1.3764  lr 7.78e-04  |g| 0.552    91.1 ms    44976 tok/s   3231 GFLOP/s
step  1730/5000  loss 1.3927  lr 7.76e-04  |g| 0.562    91.2 ms    44910 tok/s   3227 GFLOP/s
step  1740/5000  loss 1.3110  lr 7.73e-04  |g| 0.494    91.1 ms    44956 tok/s   3230 GFLOP/s
step  1750/5000  loss 1.2786  lr 7.71e-04  |g| 0.510    91.2 ms    44921 tok/s   3227 GFLOP/s
step  1760/5000  loss 1.3103  lr 7.68e-04  |g| 0.564    91.3 ms    44887 tok/s   3225 GFLOP/s
step  1770/5000  loss 1.3411  lr 7.66e-04  |g| 0.517    91.1 ms    44950 tok/s   3230 GFLOP/s
step  1780/5000  loss 1.3182  lr 7.63e-04  |g| 0.548    90.9 ms    45080 tok/s   3239 GFLOP/s
step  1790/5000  loss 1.2461  lr 7.61e-04  |g| 0.470    91.0 ms    44993 tok/s   3233 GFLOP/s
step  1800/5000  loss 1.2964  lr 7.58e-04  |g| 0.510    91.1 ms    44967 tok/s   3231 GFLOP/s
  [eval] step 1800  val loss 1.5430  (20 batches)  <- best
step  1810/5000  loss 1.2873  lr 7.56e-04  |g| 0.472    91.1 ms    44965 tok/s   3231 GFLOP/s
step  1820/5000  loss 1.2767  lr 7.53e-04  |g| 0.452    91.0 ms    45012 tok/s   3234 GFLOP/s
step  1830/5000  loss 1.2696  lr 7.50e-04  |g| 0.502    91.0 ms    44991 tok/s   3233 GFLOP/s
step  1840/5000  loss 1.3227  lr 7.48e-04  |g| 0.507    91.1 ms    44978 tok/s   3232 GFLOP/s
step  1850/5000  loss 1.2691  lr 7.45e-04  |g| 0.513    91.1 ms    44970 tok/s   3231 GFLOP/s
step  1860/5000  loss 1.3123  lr 7.43e-04  |g| 0.508    91.0 ms    45009 tok/s   3234 GFLOP/s
step  1870/5000  loss 1.2850  lr 7.40e-04  |g| 0.524    91.0 ms    45029 tok/s   3235 GFLOP/s
step  1880/5000  loss 1.2640  lr 7.37e-04  |g| 0.551    91.1 ms    44946 tok/s   3229 GFLOP/s
step  1890/5000  loss 1.2720  lr 7.35e-04  |g| 0.515    91.0 ms    45022 tok/s   3235 GFLOP/s
step  1900/5000  loss 1.2401  lr 7.32e-04  |g| 0.475    91.0 ms    45008 tok/s   3234 GFLOP/s
  [eval] step 1900  val loss 1.5354  (20 batches)  <- best
step  1910/5000  loss 1.2756  lr 7.30e-04  |g| 0.553    91.1 ms    44976 tok/s   3231 GFLOP/s
step  1920/5000  loss 1.1876  lr 7.27e-04  |g| 0.509    91.1 ms    44938 tok/s   3229 GFLOP/s
step  1930/5000  loss 1.2981  lr 7.24e-04  |g| 0.506    91.2 ms    44908 tok/s   3227 GFLOP/s
step  1940/5000  loss 1.2999  lr 7.22e-04  |g| 0.560    91.0 ms    45021 tok/s   3235 GFLOP/s
step  1950/5000  loss 1.2384  lr 7.19e-04  |g| 0.501    91.0 ms    45001 tok/s   3233 GFLOP/s
step  1960/5000  loss 1.2350  lr 7.16e-04  |g| 0.512    91.1 ms    44954 tok/s   3230 GFLOP/s
step  1970/5000  loss 1.3158  lr 7.14e-04  |g| 0.556    91.1 ms    44973 tok/s   3231 GFLOP/s
step  1980/5000  loss 1.2624  lr 7.11e-04  |g| 0.493    91.0 ms    44987 tok/s   3232 GFLOP/s
step  1990/5000  loss 1.2319  lr 7.08e-04  |g| 0.471    91.1 ms    44968 tok/s   3231 GFLOP/s
step  2000/5000  loss 1.2419  lr 7.05e-04  |g| 0.479    91.0 ms    45012 tok/s   3234 GFLOP/s
  [eval] step 2000  val loss 1.5361  (20 batches)
step  2010/5000  loss 1.1894  lr 7.03e-04  |g| 0.492    91.1 ms    44982 tok/s   3232 GFLOP/s
step  2020/5000  loss 1.2914  lr 7.00e-04  |g| 0.509    91.0 ms    44990 tok/s   3232 GFLOP/s
step  2030/5000  loss 1.2495  lr 6.97e-04  |g| 0.508    91.0 ms    45020 tok/s   3235 GFLOP/s
step  2040/5000  loss 1.3174  lr 6.95e-04  |g| 0.555    91.0 ms    45020 tok/s   3235 GFLOP/s
step  2050/5000  loss 1.2591  lr 6.92e-04  |g| 0.503    91.1 ms    44947 tok/s   3229 GFLOP/s
step  2060/5000  loss 1.2498  lr 6.89e-04  |g| 0.501    91.0 ms    44990 tok/s   3232 GFLOP/s
step  2070/5000  loss 1.3004  lr 6.86e-04  |g| 0.504    91.0 ms    44996 tok/s   3233 GFLOP/s
step  2080/5000  loss 1.2581  lr 6.84e-04  |g| 0.472    91.1 ms    44964 tok/s   3231 GFLOP/s
step  2090/5000  loss 1.2755  lr 6.81e-04  |g| 0.579    91.0 ms    44993 tok/s   3233 GFLOP/s
step  2100/5000  loss 1.2188  lr 6.78e-04  |g| 0.511    91.0 ms    45006 tok/s   3234 GFLOP/s
  [eval] step 2100  val loss 1.5312  (20 batches)  <- best
step  2110/5000  loss 1.1929  lr 6.75e-04  |g| 0.513    90.9 ms    45051 tok/s   3237 GFLOP/s
step  2120/5000  loss 1.2440  lr 6.72e-04  |g| 0.552    91.0 ms    44995 tok/s   3233 GFLOP/s
step  2130/5000  loss 1.2082  lr 6.70e-04  |g| 0.479    91.0 ms    45003 tok/s   3233 GFLOP/s
step  2140/5000  loss 1.1771  lr 6.67e-04  |g| 0.481    91.0 ms    45004 tok/s   3233 GFLOP/s
step  2150/5000  loss 1.2137  lr 6.64e-04  |g| 0.488    91.1 ms    44951 tok/s   3230 GFLOP/s
step  2160/5000  loss 1.2290  lr 6.61e-04  |g| 0.502    91.1 ms    44938 tok/s   3229 GFLOP/s
step  2170/5000  loss 1.2524  lr 6.59e-04  |g| 0.524    91.0 ms    45007 tok/s   3234 GFLOP/s
step  2180/5000  loss 1.2636  lr 6.56e-04  |g| 0.505    91.1 ms    44980 tok/s   3232 GFLOP/s
step  2190/5000  loss 1.1965  lr 6.53e-04  |g| 0.535    91.0 ms    45016 tok/s   3234 GFLOP/s
step  2200/5000  loss 1.2271  lr 6.50e-04  |g| 0.510    91.1 ms    44968 tok/s   3231 GFLOP/s
  [eval] step 2200  val loss 1.5379  (20 batches)
step  2210/5000  loss 1.2540  lr 6.47e-04  |g| 0.509    91.0 ms    45005 tok/s   3234 GFLOP/s
step  2220/5000  loss 1.2669  lr 6.45e-04  |g| 0.512    91.0 ms    44990 tok/s   3232 GFLOP/s
step  2230/5000  loss 1.1539  lr 6.42e-04  |g| 0.497    91.0 ms    44990 tok/s   3232 GFLOP/s
step  2240/5000  loss 1.2564  lr 6.39e-04  |g| 0.519    91.1 ms    44977 tok/s   3231 GFLOP/s
step  2250/5000  loss 1.2250  lr 6.36e-04  |g| 0.520    91.0 ms    44991 tok/s   3232 GFLOP/s
step  2260/5000  loss 1.2215  lr 6.33e-04  |g| 0.503    91.0 ms    45024 tok/s   3235 GFLOP/s
step  2270/5000  loss 1.1862  lr 6.30e-04  |g| 0.492    91.0 ms    45007 tok/s   3234 GFLOP/s
step  2280/5000  loss 1.2971  lr 6.28e-04  |g| 0.534    91.0 ms    44991 tok/s   3233 GFLOP/s
step  2290/5000  loss 1.2304  lr 6.25e-04  |g| 0.557    91.2 ms    44925 tok/s   3228 GFLOP/s
step  2300/5000  loss 1.2307  lr 6.22e-04  |g| 0.497    91.0 ms    44991 tok/s   3232 GFLOP/s
  [eval] step 2300  val loss 1.5309  (20 batches)  <- best
step  2310/5000  loss 1.2736  lr 6.19e-04  |g| 0.526    91.2 ms    44922 tok/s   3228 GFLOP/s
step  2320/5000  loss 1.2126  lr 6.16e-04  |g| 0.546    91.1 ms    44980 tok/s   3232 GFLOP/s
step  2330/5000  loss 1.2880  lr 6.13e-04  |g| 0.540    91.1 ms    44966 tok/s   3231 GFLOP/s
step  2340/5000  loss 1.1693  lr 6.10e-04  |g| 0.492    91.1 ms    44960 tok/s   3230 GFLOP/s
step  2350/5000  loss 1.2409  lr 6.08e-04  |g| 0.519    91.2 ms    44924 tok/s   3228 GFLOP/s
step  2360/5000  loss 1.2005  lr 6.05e-04  |g| 0.535    91.0 ms    45006 tok/s   3234 GFLOP/s
step  2370/5000  loss 1.2032  lr 6.02e-04  |g| 0.525    91.0 ms    45008 tok/s   3234 GFLOP/s
step  2380/5000  loss 1.2029  lr 5.99e-04  |g| 0.517    90.9 ms    45043 tok/s   3236 GFLOP/s
step  2390/5000  loss 1.2025  lr 5.96e-04  |g| 0.527    91.1 ms    44981 tok/s   3232 GFLOP/s
step  2400/5000  loss 1.2444  lr 5.93e-04  |g| 0.557    91.3 ms    44879 tok/s   3224 GFLOP/s
  [eval] step 2400  val loss 1.5194  (20 batches)  <- best
step  2410/5000  loss 1.1962  lr 5.90e-04  |g| 0.513    91.0 ms    45006 tok/s   3234 GFLOP/s
step  2420/5000  loss 1.2690  lr 5.87e-04  |g| 0.564    91.1 ms    44968 tok/s   3231 GFLOP/s
step  2430/5000  loss 1.2446  lr 5.85e-04  |g| 0.520    91.1 ms    44970 tok/s   3231 GFLOP/s
step  2440/5000  loss 1.1905  lr 5.82e-04  |g| 0.498    91.2 ms    44924 tok/s   3228 GFLOP/s
step  2450/5000  loss 1.1959  lr 5.79e-04  |g| 0.502    91.0 ms    45014 tok/s   3234 GFLOP/s
step  2460/5000  loss 1.1723  lr 5.76e-04  |g| 0.502    91.0 ms    45034 tok/s   3236 GFLOP/s
step  2470/5000  loss 1.2004  lr 5.73e-04  |g| 0.524    90.9 ms    45038 tok/s   3236 GFLOP/s
step  2480/5000  loss 1.2130  lr 5.70e-04  |g| 0.530    91.1 ms    44971 tok/s   3231 GFLOP/s
step  2490/5000  loss 1.1961  lr 5.67e-04  |g| 0.642    91.0 ms    45002 tok/s   3233 GFLOP/s
step  2500/5000  loss 1.1259  lr 5.64e-04  |g| 0.496    91.0 ms    45002 tok/s   3233 GFLOP/s
  [eval] step 2500  val loss 1.5247  (20 batches)
step  2510/5000  loss 1.1961  lr 5.62e-04  |g| 0.524    91.1 ms    44941 tok/s   3229 GFLOP/s
step  2520/5000  loss 1.1825  lr 5.59e-04  |g| 0.516    91.0 ms    44989 tok/s   3232 GFLOP/s
step  2530/5000  loss 1.1247  lr 5.56e-04  |g| 0.491    91.2 ms    44904 tok/s   3226 GFLOP/s
step  2540/5000  loss 1.1335  lr 5.53e-04  |g| 0.502    91.0 ms    45022 tok/s   3235 GFLOP/s
step  2550/5000  loss 1.1748  lr 5.50e-04  |g| 0.501    91.0 ms    44993 tok/s   3233 GFLOP/s
step  2560/5000  loss 1.2128  lr 5.47e-04  |g| 0.542    91.0 ms    45003 tok/s   3233 GFLOP/s
step  2570/5000  loss 1.1806  lr 5.44e-04  |g| 0.573    91.0 ms    44988 tok/s   3232 GFLOP/s
step  2580/5000  loss 1.2141  lr 5.41e-04  |g| 0.553    91.1 ms    44952 tok/s   3230 GFLOP/s
step  2590/5000  loss 1.1568  lr 5.38e-04  |g| 0.558    91.2 ms    44936 tok/s   3229 GFLOP/s
step  2600/5000  loss 1.1928  lr 5.36e-04  |g| 0.549    91.1 ms    44970 tok/s   3231 GFLOP/s
  [eval] step 2600  val loss 1.5235  (20 batches)
step  2610/5000  loss 1.1703  lr 5.33e-04  |g| 0.536    91.0 ms    44992 tok/s   3233 GFLOP/s
step  2620/5000  loss 1.1095  lr 5.30e-04  |g| 0.557    91.0 ms    45035 tok/s   3236 GFLOP/s
step  2630/5000  loss 1.1213  lr 5.27e-04  |g| 0.514    91.0 ms    45024 tok/s   3235 GFLOP/s
step  2640/5000  loss 1.1811  lr 5.24e-04  |g| 0.554    91.0 ms    45026 tok/s   3235 GFLOP/s
step  2650/5000  loss 1.1491  lr 5.21e-04  |g| 0.516    91.0 ms    45010 tok/s   3234 GFLOP/s
step  2660/5000  loss 1.1539  lr 5.18e-04  |g| 0.538    91.2 ms    44900 tok/s   3226 GFLOP/s
step  2670/5000  loss 1.1777  lr 5.15e-04  |g| 0.561    91.1 ms    44985 tok/s   3232 GFLOP/s
step  2680/5000  loss 1.0907  lr 5.13e-04  |g| 0.500    91.1 ms    44948 tok/s   3229 GFLOP/s
step  2690/5000  loss 1.1122  lr 5.10e-04  |g| 0.527    91.1 ms    44982 tok/s   3232 GFLOP/s
step  2700/5000  loss 1.1480  lr 5.07e-04  |g| 0.517    91.1 ms    44967 tok/s   3231 GFLOP/s
  [eval] step 2700  val loss 1.5238  (20 batches)
step  2710/5000  loss 1.1267  lr 5.04e-04  |g| 0.529    91.0 ms    45015 tok/s   3234 GFLOP/s
step  2720/5000  loss 1.0839  lr 5.01e-04  |g| 0.516    91.0 ms    45022 tok/s   3235 GFLOP/s
step  2730/5000  loss 1.1327  lr 4.98e-04  |g| 0.571    91.1 ms    44980 tok/s   3232 GFLOP/s
step  2740/5000  loss 1.1112  lr 4.95e-04  |g| 0.516    91.1 ms    44984 tok/s   3232 GFLOP/s
step  2750/5000  loss 1.0832  lr 4.92e-04  |g| 0.523    91.1 ms    44982 tok/s   3232 GFLOP/s
step  2760/5000  loss 1.0525  lr 4.90e-04  |g| 0.516    91.2 ms    44936 tok/s   3229 GFLOP/s
step  2770/5000  loss 1.0639  lr 4.87e-04  |g| 0.547    91.1 ms    44975 tok/s   3231 GFLOP/s
step  2780/5000  loss 1.1367  lr 4.84e-04  |g| 0.513    90.9 ms    45040 tok/s   3236 GFLOP/s
step  2790/5000  loss 1.1689  lr 4.81e-04  |g| 0.545    91.1 ms    44966 tok/s   3231 GFLOP/s
step  2800/5000  loss 1.1659  lr 4.78e-04  |g| 0.584    91.0 ms    45006 tok/s   3234 GFLOP/s
  [eval] step 2800  val loss 1.5275  (20 batches)
step  2810/5000  loss 1.1121  lr 4.75e-04  |g| 0.545    91.0 ms    45025 tok/s   3235 GFLOP/s
step  2820/5000  loss 1.1275  lr 4.72e-04  |g| 0.579    91.0 ms    44998 tok/s   3233 GFLOP/s
step  2830/5000  loss 1.1133  lr 4.70e-04  |g| 0.553    91.0 ms    45020 tok/s   3235 GFLOP/s
step  2840/5000  loss 1.1096  lr 4.67e-04  |g| 0.517    91.1 ms    44943 tok/s   3229 GFLOP/s
step  2850/5000  loss 1.0570  lr 4.64e-04  |g| 0.511    91.1 ms    44973 tok/s   3231 GFLOP/s
step  2860/5000  loss 1.0455  lr 4.61e-04  |g| 0.549    91.0 ms    44998 tok/s   3233 GFLOP/s
step  2870/5000  loss 1.0941  lr 4.58e-04  |g| 0.537    91.0 ms    44986 tok/s   3232 GFLOP/s
step  2880/5000  loss 1.0645  lr 4.55e-04  |g| 0.553    91.0 ms    44997 tok/s   3233 GFLOP/s
step  2890/5000  loss 1.1395  lr 4.53e-04  |g| 0.571    91.0 ms    45000 tok/s   3233 GFLOP/s
step  2900/5000  loss 1.0233  lr 4.50e-04  |g| 0.537    91.1 ms    44955 tok/s   3230 GFLOP/s
  [eval] step 2900  val loss 1.5374  (20 batches)
step  2910/5000  loss 1.0717  lr 4.47e-04  |g| 0.542    91.2 ms    44917 tok/s   3227 GFLOP/s
step  2920/5000  loss 1.0316  lr 4.44e-04  |g| 0.544    91.0 ms    45005 tok/s   3234 GFLOP/s
step  2930/5000  loss 1.1395  lr 4.41e-04  |g| 0.568    91.1 ms    44961 tok/s   3230 GFLOP/s
step  2940/5000  loss 1.0505  lr 4.39e-04  |g| 0.541    90.9 ms    45058 tok/s   3237 GFLOP/s
step  2950/5000  loss 1.0704  lr 4.36e-04  |g| 0.555    91.0 ms    44986 tok/s   3232 GFLOP/s
step  2960/5000  loss 1.0689  lr 4.33e-04  |g| 0.573    91.0 ms    44992 tok/s   3233 GFLOP/s
step  2970/5000  loss 1.0751  lr 4.30e-04  |g| 0.555    91.1 ms    44983 tok/s   3232 GFLOP/s
step  2980/5000  loss 1.1194  lr 4.28e-04  |g| 0.571    91.1 ms    44965 tok/s   3231 GFLOP/s
step  2990/5000  loss 1.1166  lr 4.25e-04  |g| 0.569    91.1 ms    44947 tok/s   3229 GFLOP/s
step  3000/5000  loss 1.0739  lr 4.22e-04  |g| 0.573    91.1 ms    44947 tok/s   3229 GFLOP/s
  [eval] step 3000  val loss 1.5427  (20 batches)
step  3010/5000  loss 0.9944  lr 4.19e-04  |g| 0.525    91.1 ms    44976 tok/s   3231 GFLOP/s
step  3020/5000  loss 1.0293  lr 4.16e-04  |g| 0.526    91.1 ms    44972 tok/s   3231 GFLOP/s
step  3030/5000  loss 1.0719  lr 4.14e-04  |g| 0.599    91.1 ms    44958 tok/s   3230 GFLOP/s
step  3040/5000  loss 1.0363  lr 4.11e-04  |g| 0.511    91.1 ms    44958 tok/s   3230 GFLOP/s
step  3050/5000  loss 1.0372  lr 4.08e-04  |g| 0.556    91.0 ms    44995 tok/s   3233 GFLOP/s
step  3060/5000  loss 1.0667  lr 4.05e-04  |g| 0.572    91.0 ms    45014 tok/s   3234 GFLOP/s
step  3070/5000  loss 1.0032  lr 4.03e-04  |g| 0.544    91.1 ms    44967 tok/s   3231 GFLOP/s
step  3080/5000  loss 1.0441  lr 4.00e-04  |g| 0.559    91.0 ms    44994 tok/s   3233 GFLOP/s
step  3090/5000  loss 1.0806  lr 3.97e-04  |g| 0.591    91.0 ms    45014 tok/s   3234 GFLOP/s
step  3100/5000  loss 1.0662  lr 3.95e-04  |g| 0.572    91.0 ms    45005 tok/s   3234 GFLOP/s
  [eval] step 3100  val loss 1.5373  (20 batches)
step  3110/5000  loss 1.0430  lr 3.92e-04  |g| 0.573    91.1 ms    44979 tok/s   3232 GFLOP/s
step  3120/5000  loss 1.0383  lr 3.89e-04  |g| 0.566    91.1 ms    44952 tok/s   3230 GFLOP/s
step  3130/5000  loss 1.0746  lr 3.86e-04  |g| 0.600    91.0 ms    44988 tok/s   3232 GFLOP/s
step  3140/5000  loss 1.0610  lr 3.84e-04  |g| 0.596    91.1 ms    44976 tok/s   3231 GFLOP/s
step  3150/5000  loss 1.0801  lr 3.81e-04  |g| 0.579    91.0 ms    45011 tok/s   3234 GFLOP/s
step  3160/5000  loss 1.0643  lr 3.78e-04  |g| 0.615    91.0 ms    45001 tok/s   3233 GFLOP/s
step  3170/5000  loss 0.9949  lr 3.76e-04  |g| 0.570    91.0 ms    45028 tok/s   3235 GFLOP/s
step  3180/5000  loss 1.0265  lr 3.73e-04  |g| 0.569    91.0 ms    45008 tok/s   3234 GFLOP/s
step  3190/5000  loss 1.0201  lr 3.70e-04  |g| 0.574    91.0 ms    45007 tok/s   3234 GFLOP/s
step  3200/5000  loss 1.0595  lr 3.68e-04  |g| 0.609    91.0 ms    44995 tok/s   3233 GFLOP/s
  [eval] step 3200  val loss 1.5502  (20 batches)
step  3210/5000  loss 1.0551  lr 3.65e-04  |g| 0.609    91.0 ms    45010 tok/s   3234 GFLOP/s
step  3220/5000  loss 1.0544  lr 3.63e-04  |g| 0.604    90.9 ms    45036 tok/s   3236 GFLOP/s
step  3230/5000  loss 1.0514  lr 3.60e-04  |g| 0.564    91.0 ms    45034 tok/s   3236 GFLOP/s
step  3240/5000  loss 1.1080  lr 3.57e-04  |g| 0.658    91.1 ms    44982 tok/s   3232 GFLOP/s
step  3250/5000  loss 1.0268  lr 3.55e-04  |g| 0.612    91.1 ms    44969 tok/s   3231 GFLOP/s
step  3260/5000  loss 1.0676  lr 3.52e-04  |g| 0.625    91.0 ms    45000 tok/s   3233 GFLOP/s
step  3270/5000  loss 0.9989  lr 3.50e-04  |g| 0.621    91.1 ms    44939 tok/s   3229 GFLOP/s
step  3280/5000  loss 1.0363  lr 3.47e-04  |g| 0.603    91.1 ms    44953 tok/s   3230 GFLOP/s
step  3290/5000  loss 1.0062  lr 3.44e-04  |g| 0.589    91.1 ms    44970 tok/s   3231 GFLOP/s
step  3300/5000  loss 1.0515  lr 3.42e-04  |g| 0.642    91.0 ms    45035 tok/s   3236 GFLOP/s
  [eval] step 3300  val loss 1.5571  (20 batches)
step  3310/5000  loss 1.0182  lr 3.39e-04  |g| 0.640    91.0 ms    44994 tok/s   3233 GFLOP/s
step  3320/5000  loss 0.9721  lr 3.37e-04  |g| 0.617    91.1 ms    44958 tok/s   3230 GFLOP/s
step  3330/5000  loss 1.0570  lr 3.34e-04  |g| 0.725    91.0 ms    45022 tok/s   3235 GFLOP/s
step  3340/5000  loss 1.0726  lr 3.32e-04  |g| 0.643    91.2 ms    44936 tok/s   3229 GFLOP/s
step  3350/5000  loss 1.0245  lr 3.29e-04  |g| 0.633    91.0 ms    45029 tok/s   3235 GFLOP/s
step  3360/5000  loss 1.0444  lr 3.27e-04  |g| 0.660    91.0 ms    45004 tok/s   3233 GFLOP/s
step  3370/5000  loss 1.0680  lr 3.24e-04  |g| 0.669    91.0 ms    45026 tok/s   3235 GFLOP/s
step  3380/5000  loss 0.9599  lr 3.22e-04  |g| 0.572    91.0 ms    45000 tok/s   3233 GFLOP/s
step  3390/5000  loss 0.9963  lr 3.19e-04  |g| 0.638    91.0 ms    45021 tok/s   3235 GFLOP/s
step  3400/5000  loss 1.0245  lr 3.17e-04  |g| 0.646    91.0 ms    45023 tok/s   3235 GFLOP/s
  [eval] step 3400  val loss 1.5848  (20 batches)
step  3410/5000  loss 1.0944  lr 3.14e-04  |g| 0.709    91.0 ms    45010 tok/s   3234 GFLOP/s
step  3420/5000  loss 0.9967  lr 3.12e-04  |g| 0.659    91.1 ms    44952 tok/s   3230 GFLOP/s
step  3430/5000  loss 0.9640  lr 3.09e-04  |g| 0.657    91.0 ms    45033 tok/s   3236 GFLOP/s
step  3440/5000  loss 0.9462  lr 3.07e-04  |g| 0.610    91.1 ms    44957 tok/s   3230 GFLOP/s
step  3450/5000  loss 0.9551  lr 3.05e-04  |g| 0.622    91.1 ms    44978 tok/s   3232 GFLOP/s
step  3460/5000  loss 0.9772  lr 3.02e-04  |g| 0.661    91.1 ms    44961 tok/s   3230 GFLOP/s
step  3470/5000  loss 0.9600  lr 3.00e-04  |g| 0.627    91.1 ms    44973 tok/s   3231 GFLOP/s
step  3480/5000  loss 0.9871  lr 2.97e-04  |g| 0.689    91.1 ms    44960 tok/s   3230 GFLOP/s
step  3490/5000  loss 0.9730  lr 2.95e-04  |g| 0.647    91.0 ms    44993 tok/s   3233 GFLOP/s
step  3500/5000  loss 0.9529  lr 2.93e-04  |g| 0.663    91.0 ms    45006 tok/s   3234 GFLOP/s
  [eval] step 3500  val loss 1.6013  (20 batches)
step  3510/5000  loss 0.9356  lr 2.90e-04  |g| 0.656    91.1 ms    44977 tok/s   3231 GFLOP/s
step  3520/5000  loss 0.9859  lr 2.88e-04  |g| 0.719    91.1 ms    44964 tok/s   3231 GFLOP/s
step  3530/5000  loss 1.0173  lr 2.85e-04  |g| 0.692    91.1 ms    44952 tok/s   3230 GFLOP/s
step  3540/5000  loss 0.9041  lr 2.83e-04  |g| 0.631    91.0 ms    45011 tok/s   3234 GFLOP/s
step  3550/5000  loss 0.9119  lr 2.81e-04  |g| 0.648    91.0 ms    44990 tok/s   3232 GFLOP/s
step  3560/5000  loss 0.9529  lr 2.79e-04  |g| 0.655    91.1 ms    44975 tok/s   3231 GFLOP/s
step  3570/5000  loss 0.9106  lr 2.76e-04  |g| 0.646    91.1 ms    44975 tok/s   3231 GFLOP/s
step  3580/5000  loss 0.9379  lr 2.74e-04  |g| 0.663    91.1 ms    44974 tok/s   3231 GFLOP/s
step  3590/5000  loss 0.9776  lr 2.72e-04  |g| 0.668    91.1 ms    44966 tok/s   3231 GFLOP/s
step  3600/5000  loss 0.9991  lr 2.69e-04  |g| 0.711    91.2 ms    44926 tok/s   3228 GFLOP/s
  [eval] step 3600  val loss 1.5971  (20 batches)
step  3610/5000  loss 0.9778  lr 2.67e-04  |g| 0.701    91.0 ms    45003 tok/s   3233 GFLOP/s
step  3620/5000  loss 0.9597  lr 2.65e-04  |g| 0.751    90.9 ms    45064 tok/s   3238 GFLOP/s
step  3630/5000  loss 0.8980  lr 2.63e-04  |g| 0.685    91.0 ms    45006 tok/s   3234 GFLOP/s
step  3640/5000  loss 0.9025  lr 2.61e-04  |g| 0.656    91.0 ms    44997 tok/s   3233 GFLOP/s
step  3650/5000  loss 0.9308  lr 2.58e-04  |g| 0.690    91.0 ms    45023 tok/s   3235 GFLOP/s
step  3660/5000  loss 0.9438  lr 2.56e-04  |g| 0.741    91.1 ms    44960 tok/s   3230 GFLOP/s
step  3670/5000  loss 0.9447  lr 2.54e-04  |g| 0.668    91.1 ms    44974 tok/s   3231 GFLOP/s
step  3680/5000  loss 0.9290  lr 2.52e-04  |g| 0.715    91.2 ms    44929 tok/s   3228 GFLOP/s
step  3690/5000  loss 0.9024  lr 2.50e-04  |g| 0.680    91.0 ms    44987 tok/s   3232 GFLOP/s
step  3700/5000  loss 0.8879  lr 2.47e-04  |g| 0.687    91.0 ms    45018 tok/s   3234 GFLOP/s
  [eval] step 3700  val loss 1.6328  (20 batches)
step  3710/5000  loss 0.9566  lr 2.45e-04  |g| 0.713    91.0 ms    45017 tok/s   3234 GFLOP/s
step  3720/5000  loss 0.9695  lr 2.43e-04  |g| 0.759    91.0 ms    45012 tok/s   3234 GFLOP/s
step  3730/5000  loss 0.9249  lr 2.41e-04  |g| 0.734    91.0 ms    45009 tok/s   3234 GFLOP/s
step  3740/5000  loss 0.9180  lr 2.39e-04  |g| 0.692    91.1 ms    44972 tok/s   3231 GFLOP/s
step  3750/5000  loss 0.9614  lr 2.37e-04  |g| 0.751    91.0 ms    44996 tok/s   3233 GFLOP/s
step  3760/5000  loss 0.8177  lr 2.35e-04  |g| 0.669    91.1 ms    44983 tok/s   3232 GFLOP/s
step  3770/5000  loss 0.9367  lr 2.33e-04  |g| 0.716    91.0 ms    45000 tok/s   3233 GFLOP/s
step  3780/5000  loss 0.8623  lr 2.31e-04  |g| 0.730    91.0 ms    45002 tok/s   3233 GFLOP/s
step  3790/5000  loss 0.8915  lr 2.29e-04  |g| 0.795    91.0 ms    45001 tok/s   3233 GFLOP/s
step  3800/5000  loss 0.8875  lr 2.27e-04  |g| 0.711    91.1 ms    44979 tok/s   3232 GFLOP/s
  [eval] step 3800  val loss 1.6430  (20 batches)
step  3810/5000  loss 0.9222  lr 2.25e-04  |g| 0.724    91.1 ms    44953 tok/s   3230 GFLOP/s
step  3820/5000  loss 0.8494  lr 2.23e-04  |g| 0.700    91.1 ms    44949 tok/s   3230 GFLOP/s
step  3830/5000  loss 0.9924  lr 2.21e-04  |g| 0.792    91.2 ms    44934 tok/s   3228 GFLOP/s
step  3840/5000  loss 0.9152  lr 2.19e-04  |g| 0.780    91.0 ms    45007 tok/s   3234 GFLOP/s
step  3850/5000  loss 0.8279  lr 2.17e-04  |g| 0.698    91.0 ms    44987 tok/s   3232 GFLOP/s
step  3860/5000  loss 0.8663  lr 2.15e-04  |g| 0.754    91.0 ms    45015 tok/s   3234 GFLOP/s
step  3870/5000  loss 0.9053  lr 2.13e-04  |g| 0.733    91.0 ms    45034 tok/s   3236 GFLOP/s
step  3880/5000  loss 0.8388  lr 2.11e-04  |g| 0.735    91.0 ms    44992 tok/s   3233 GFLOP/s
step  3890/5000  loss 0.7801  lr 2.09e-04  |g| 0.702    91.0 ms    45008 tok/s   3234 GFLOP/s
step  3900/5000  loss 0.8877  lr 2.07e-04  |g| 0.770    91.2 ms    44915 tok/s   3227 GFLOP/s
  [eval] step 3900  val loss 1.6617  (20 batches)
step  3910/5000  loss 0.9007  lr 2.05e-04  |g| 0.784    91.0 ms    45016 tok/s   3234 GFLOP/s
step  3920/5000  loss 0.8591  lr 2.04e-04  |g| 0.832    91.0 ms    45003 tok/s   3233 GFLOP/s
step  3930/5000  loss 0.8846  lr 2.02e-04  |g| 0.832    91.0 ms    44988 tok/s   3232 GFLOP/s
step  3940/5000  loss 0.8504  lr 2.00e-04  |g| 0.833    91.0 ms    45014 tok/s   3234 GFLOP/s
step  3950/5000  loss 0.8654  lr 1.98e-04  |g| 0.737    91.0 ms    44990 tok/s   3232 GFLOP/s
step  3960/5000  loss 0.8830  lr 1.96e-04  |g| 0.783    91.0 ms    45023 tok/s   3235 GFLOP/s
step  3970/5000  loss 0.9082  lr 1.95e-04  |g| 0.823    91.0 ms    44989 tok/s   3232 GFLOP/s
step  3980/5000  loss 0.8076  lr 1.93e-04  |g| 0.779    91.1 ms    44944 tok/s   3229 GFLOP/s
step  3990/5000  loss 0.8646  lr 1.91e-04  |g| 0.800    91.0 ms    45014 tok/s   3234 GFLOP/s
step  4000/5000  loss 0.9249  lr 1.89e-04  |g| 0.843    91.1 ms    44968 tok/s   3231 GFLOP/s
  [eval] step 4000  val loss 1.6816  (20 batches)
step  4010/5000  loss 0.8869  lr 1.88e-04  |g| 0.815    91.1 ms    44974 tok/s   3231 GFLOP/s
step  4020/5000  loss 0.8060  lr 1.86e-04  |g| 0.710    91.0 ms    45014 tok/s   3234 GFLOP/s
step  4030/5000  loss 0.8226  lr 1.84e-04  |g| 0.750    91.1 ms    44978 tok/s   3232 GFLOP/s
step  4040/5000  loss 0.7752  lr 1.83e-04  |g| 0.771    91.1 ms    44967 tok/s   3231 GFLOP/s
step  4050/5000  loss 0.8254  lr 1.81e-04  |g| 0.788    91.1 ms    44971 tok/s   3231 GFLOP/s
step  4060/5000  loss 0.8628  lr 1.79e-04  |g| 0.821    91.0 ms    44989 tok/s   3232 GFLOP/s
step  4070/5000  loss 0.8550  lr 1.78e-04  |g| 0.775    90.9 ms    45042 tok/s   3236 GFLOP/s
step  4080/5000  loss 0.8362  lr 1.76e-04  |g| 0.845    91.0 ms    45000 tok/s   3233 GFLOP/s
step  4090/5000  loss 0.8575  lr 1.74e-04  |g| 0.819    91.1 ms    44979 tok/s   3232 GFLOP/s
step  4100/5000  loss 0.7976  lr 1.73e-04  |g| 0.800    91.1 ms    44984 tok/s   3232 GFLOP/s
  [eval] step 4100  val loss 1.6996  (20 batches)
step  4110/5000  loss 0.8114  lr 1.71e-04  |g| 0.807    91.0 ms    45013 tok/s   3234 GFLOP/s
step  4120/5000  loss 0.7728  lr 1.70e-04  |g| 0.798    91.1 ms    44984 tok/s   3232 GFLOP/s
step  4130/5000  loss 0.8241  lr 1.68e-04  |g| 0.790    91.0 ms    45003 tok/s   3233 GFLOP/s
step  4140/5000  loss 0.8312  lr 1.67e-04  |g| 0.809    91.1 ms    44958 tok/s   3230 GFLOP/s
step  4150/5000  loss 0.7708  lr 1.65e-04  |g| 0.770    91.0 ms    45002 tok/s   3233 GFLOP/s
step  4160/5000  loss 0.7636  lr 1.64e-04  |g| 0.821    91.0 ms    45011 tok/s   3234 GFLOP/s
step  4170/5000  loss 0.7874  lr 1.62e-04  |g| 0.783    91.1 ms    44961 tok/s   3230 GFLOP/s
step  4180/5000  loss 0.8128  lr 1.61e-04  |g| 0.824    91.0 ms    45011 tok/s   3234 GFLOP/s
step  4190/5000  loss 0.8218  lr 1.59e-04  |g| 0.821    91.0 ms    44991 tok/s   3233 GFLOP/s
step  4200/5000  loss 0.8304  lr 1.58e-04  |g| 0.845    90.9 ms    45036 tok/s   3236 GFLOP/s
  [eval] step 4200  val loss 1.7316  (20 batches)
step  4210/5000  loss 0.7942  lr 1.56e-04  |g| 0.811    91.1 ms    44971 tok/s   3231 GFLOP/s
step  4220/5000  loss 0.7557  lr 1.55e-04  |g| 0.782    91.0 ms    44992 tok/s   3233 GFLOP/s
step  4230/5000  loss 0.7816  lr 1.54e-04  |g| 0.864    91.2 ms    44929 tok/s   3228 GFLOP/s
step  4240/5000  loss 0.8467  lr 1.52e-04  |g| 0.871    91.1 ms    44938 tok/s   3229 GFLOP/s
step  4250/5000  loss 0.7872  lr 1.51e-04  |g| 0.845    91.0 ms    45016 tok/s   3234 GFLOP/s
step  4260/5000  loss 0.7500  lr 1.50e-04  |g| 0.850    91.0 ms    45016 tok/s   3234 GFLOP/s
step  4270/5000  loss 0.7781  lr 1.48e-04  |g| 0.862    91.0 ms    45028 tok/s   3235 GFLOP/s
step  4280/5000  loss 0.8097  lr 1.47e-04  |g| 0.865    91.0 ms    44992 tok/s   3233 GFLOP/s
step  4290/5000  loss 0.8904  lr 1.46e-04  |g| 0.932    90.9 ms    45055 tok/s   3237 GFLOP/s
step  4300/5000  loss 0.8558  lr 1.45e-04  |g| 0.884    91.1 ms    44984 tok/s   3232 GFLOP/s
  [eval] step 4300  val loss 1.7586  (20 batches)
step  4310/5000  loss 0.7817  lr 1.43e-04  |g| 0.860    91.3 ms    44878 tok/s   3224 GFLOP/s
step  4320/5000  loss 0.7398  lr 1.42e-04  |g| 0.844    91.0 ms    44994 tok/s   3233 GFLOP/s
step  4330/5000  loss 0.7830  lr 1.41e-04  |g| 0.859    90.9 ms    45037 tok/s   3236 GFLOP/s
step  4340/5000  loss 0.7336  lr 1.40e-04  |g| 0.835    91.1 ms    44985 tok/s   3232 GFLOP/s
step  4350/5000  loss 0.8188  lr 1.39e-04  |g| 0.899    91.1 ms    44979 tok/s   3232 GFLOP/s
step  4360/5000  loss 0.7008  lr 1.37e-04  |g| 0.882    91.1 ms    44956 tok/s   3230 GFLOP/s
step  4370/5000  loss 0.7354  lr 1.36e-04  |g| 0.855    91.1 ms    44977 tok/s   3231 GFLOP/s
step  4380/5000  loss 0.8205  lr 1.35e-04  |g| 0.933    91.1 ms    44985 tok/s   3232 GFLOP/s
step  4390/5000  loss 0.7375  lr 1.34e-04  |g| 0.868    91.1 ms    44985 tok/s   3232 GFLOP/s
step  4400/5000  loss 0.7427  lr 1.33e-04  |g| 0.845    91.0 ms    44988 tok/s   3232 GFLOP/s
  [eval] step 4400  val loss 1.7794  (20 batches)
step  4410/5000  loss 0.6446  lr 1.32e-04  |g| 0.787    91.0 ms    44993 tok/s   3233 GFLOP/s
step  4420/5000  loss 0.7520  lr 1.31e-04  |g| 0.874    91.0 ms    44990 tok/s   3232 GFLOP/s
step  4430/5000  loss 0.7404  lr 1.30e-04  |g| 0.850    90.9 ms    45049 tok/s   3237 GFLOP/s
step  4440/5000  loss 0.7832  lr 1.29e-04  |g| 0.976    91.0 ms    45012 tok/s   3234 GFLOP/s
step  4450/5000  loss 0.7628  lr 1.28e-04  |g| 0.928    91.1 ms    44967 tok/s   3231 GFLOP/s
step  4460/5000  loss 0.8453  lr 1.27e-04  |g| 1.000    91.1 ms    44985 tok/s   3232 GFLOP/s
step  4470/5000  loss 0.7852  lr 1.26e-04  |g| 0.914    91.1 ms    44944 tok/s   3229 GFLOP/s
step  4480/5000  loss 0.7411  lr 1.25e-04  |g| 0.874    91.0 ms    45009 tok/s   3234 GFLOP/s
step  4490/5000  loss 0.7855  lr 1.24e-04  |g| 0.945    91.2 ms    44933 tok/s   3228 GFLOP/s
step  4500/5000  loss 0.7849  lr 1.23e-04  |g| 0.902    91.0 ms    45009 tok/s   3234 GFLOP/s
  [eval] step 4500  val loss 1.8026  (20 batches)
step  4510/5000  loss 0.7274  lr 1.22e-04  |g| 0.923    91.1 ms    44964 tok/s   3231 GFLOP/s
step  4520/5000  loss 0.7457  lr 1.21e-04  |g| 0.925    91.3 ms    44874 tok/s   3224 GFLOP/s
step  4530/5000  loss 0.8224  lr 1.20e-04  |g| 1.009    91.1 ms    44970 tok/s   3231 GFLOP/s
step  4540/5000  loss 0.7690  lr 1.19e-04  |g| 0.925    91.2 ms    44936 tok/s   3229 GFLOP/s
step  4550/5000  loss 0.7880  lr 1.19e-04  |g| 0.991    91.1 ms    44981 tok/s   3232 GFLOP/s
step  4560/5000  loss 0.7257  lr 1.18e-04  |g| 0.903    91.1 ms    44958 tok/s   3230 GFLOP/s
step  4570/5000  loss 0.7008  lr 1.17e-04  |g| 0.885    91.0 ms    45003 tok/s   3233 GFLOP/s
step  4580/5000  loss 0.7845  lr 1.16e-04  |g| 1.008    91.0 ms    45016 tok/s   3234 GFLOP/s
step  4590/5000  loss 0.6936  lr 1.15e-04  |g| 0.947    91.1 ms    44949 tok/s   3230 GFLOP/s
step  4600/5000  loss 0.7298  lr 1.15e-04  |g| 0.967    91.1 ms    44983 tok/s   3232 GFLOP/s
  [eval] step 4600  val loss 1.8549  (20 batches)
step  4610/5000  loss 0.7186  lr 1.14e-04  |g| 0.909    91.1 ms    44958 tok/s   3230 GFLOP/s
step  4620/5000  loss 0.7035  lr 1.13e-04  |g| 0.907    91.0 ms    45021 tok/s   3235 GFLOP/s
step  4630/5000  loss 0.7356  lr 1.13e-04  |g| 0.981    90.9 ms    45036 tok/s   3236 GFLOP/s
step  4640/5000  loss 0.7331  lr 1.12e-04  |g| 0.961    91.1 ms    44953 tok/s   3230 GFLOP/s
step  4650/5000  loss 0.7281  lr 1.11e-04  |g| 0.955    91.0 ms    44998 tok/s   3233 GFLOP/s
step  4660/5000  loss 0.7235  lr 1.11e-04  |g| 0.972    91.0 ms    44996 tok/s   3233 GFLOP/s
step  4670/5000  loss 0.7271  lr 1.10e-04  |g| 0.992    91.1 ms    44955 tok/s   3230 GFLOP/s
step  4680/5000  loss 0.6669  lr 1.09e-04  |g| 0.898    91.2 ms    44903 tok/s   3226 GFLOP/s
step  4690/5000  loss 0.6455  lr 1.09e-04  |g| 0.904    91.1 ms    44942 tok/s   3229 GFLOP/s
step  4700/5000  loss 0.7074  lr 1.08e-04  |g| 0.949    91.0 ms    45015 tok/s   3234 GFLOP/s
  [eval] step 4700  val loss 1.8721  (20 batches)
step  4710/5000  loss 0.6484  lr 1.08e-04  |g| 0.907    91.0 ms    44999 tok/s   3233 GFLOP/s
step  4720/5000  loss 0.6769  lr 1.07e-04  |g| 0.925    91.0 ms    44991 tok/s   3232 GFLOP/s
step  4730/5000  loss 0.7317  lr 1.07e-04  |g| 0.971    91.1 ms    44970 tok/s   3231 GFLOP/s
step  4740/5000  loss 0.6545  lr 1.06e-04  |g| 0.896    91.0 ms    45026 tok/s   3235 GFLOP/s
step  4750/5000  loss 0.7179  lr 1.06e-04  |g| 1.027    91.1 ms    44965 tok/s   3231 GFLOP/s
step  4760/5000  loss 0.8048  lr 1.05e-04  |g| 1.036    91.1 ms    44981 tok/s   3232 GFLOP/s
step  4770/5000  loss 0.7265  lr 1.05e-04  |g| 1.013    91.0 ms    44989 tok/s   3232 GFLOP/s
step  4780/5000  loss 0.6882  lr 1.04e-04  |g| 0.965    91.1 ms    44982 tok/s   3232 GFLOP/s
step  4790/5000  loss 0.7419  lr 1.04e-04  |g| 1.058    91.0 ms    44996 tok/s   3233 GFLOP/s
step  4800/5000  loss 0.7181  lr 1.04e-04  |g| 0.994    91.0 ms    45027 tok/s   3235 GFLOP/s
  [eval] step 4800  val loss 1.8786  (20 batches)
step  4810/5000  loss 0.6303  lr 1.03e-04  |g| 0.914    90.9 ms    45060 tok/s   3237 GFLOP/s
step  4820/5000  loss 0.6781  lr 1.03e-04  |g| 0.993    91.0 ms    45000 tok/s   3233 GFLOP/s
step  4830/5000  loss 0.7284  lr 1.03e-04  |g| 1.043    91.1 ms    44975 tok/s   3231 GFLOP/s
step  4840/5000  loss 0.6560  lr 1.02e-04  |g| 0.912    91.0 ms    44988 tok/s   3232 GFLOP/s
step  4850/5000  loss 0.6652  lr 1.02e-04  |g| 0.945    91.0 ms    44998 tok/s   3233 GFLOP/s
step  4860/5000  loss 0.6872  lr 1.02e-04  |g| 1.019    91.3 ms    44871 tok/s   3224 GFLOP/s
step  4870/5000  loss 0.7039  lr 1.02e-04  |g| 1.031    91.2 ms    44900 tok/s   3226 GFLOP/s
step  4880/5000  loss 0.6282  lr 1.01e-04  |g| 0.966    91.3 ms    44868 tok/s   3224 GFLOP/s
step  4890/5000  loss 0.6371  lr 1.01e-04  |g| 0.940    91.2 ms    44926 tok/s   3228 GFLOP/s
step  4900/5000  loss 0.6286  lr 1.01e-04  |g| 0.971    91.1 ms    44937 tok/s   3229 GFLOP/s
  [eval] step 4900  val loss 1.9192  (20 batches)
step  4910/5000  loss 0.6140  lr 1.01e-04  |g| 0.922    91.4 ms    44821 tok/s   3220 GFLOP/s
step  4920/5000  loss 0.7284  lr 1.01e-04  |g| 1.140    91.1 ms    44976 tok/s   3231 GFLOP/s
step  4930/5000  loss 0.5757  lr 1.00e-04  |g| 0.936    91.1 ms    44965 tok/s   3231 GFLOP/s
step  4940/5000  loss 0.6589  lr 1.00e-04  |g| 0.988    91.1 ms    44972 tok/s   3231 GFLOP/s
step  4950/5000  loss 0.6330  lr 1.00e-04  |g| 0.993    91.1 ms    44979 tok/s   3232 GFLOP/s
step  4960/5000  loss 0.5966  lr 1.00e-04  |g| 0.967    91.1 ms    44973 tok/s   3231 GFLOP/s
step  4970/5000  loss 0.6363  lr 1.00e-04  |g| 1.016    91.0 ms    45029 tok/s   3235 GFLOP/s
step  4980/5000  loss 0.6266  lr 1.00e-04  |g| 0.974    91.1 ms    44966 tok/s   3231 GFLOP/s
step  4990/5000  loss 0.7021  lr 1.00e-04  |g| 1.121    91.1 ms    44971 tok/s   3231 GFLOP/s
step  5000/5000  loss 0.6056  lr 1.00e-04  |g| 0.950    91.0 ms    45001 tok/s   3233 GFLOP/s
  [eval] step 5000  val loss 1.9550  (20 batches)

final  train loss 0.6538   val loss 1.9549   (20 batches each)
best   val loss 1.5194 at step 2400 (checkpoint saved there)
